Archive member included because of file (symbol)

c:/program files (x86)/microchip/mplabc32/v2.02/bin/../lib/gcc/pic32mx/4.5.1/../../../../pic32mx/lib\libc.a(memcpy.o)
                              Objects\Comunicacion.o (memcpy)
c:/program files (x86)/microchip/mplabc32/v2.02/bin/../lib/gcc/pic32mx/4.5.1/../../../../pic32mx/lib\libc.a(memset.o)
                              Objects\usb_device.o (memset)
c:/program files (x86)/microchip/mplabc32/v2.02/bin/../lib/gcc/pic32mx/4.5.1/../../../../pic32mx/lib\libc.a(general-exception.o)
                              c:/program files (x86)/microchip/mplabc32/v2.02/bin/../lib/gcc/pic32mx/4.5.1/../../../../pic32mx/lib/crt0.o (_general_exception_context)
c:/program files (x86)/microchip/mplabc32/v2.02/bin/../lib/gcc/pic32mx/4.5.1/../../../../pic32mx/lib\libc.a(default-general-exception-handler.o)
                              c:/program files (x86)/microchip/mplabc32/v2.02/bin/../lib/gcc/pic32mx/4.5.1/../../../../pic32mx/lib\libc.a(general-exception.o) (_general_exception_handler)
c:/program files (x86)/microchip/mplabc32/v2.02/bin/../lib/gcc/pic32mx/4.5.1/../../../../pic32mx/lib\libc.a(default-bootstrap-exception-handler.o)
                              c:/program files (x86)/microchip/mplabc32/v2.02/bin/../lib/gcc/pic32mx/4.5.1/../../../../pic32mx/lib/crt0.o (_bootstrap_exception_handler)
c:/program files (x86)/microchip/mplabc32/v2.02/bin/../lib/gcc/pic32mx/4.5.1/../../../../pic32mx/lib\libc.a(default-on-reset.o)
                              c:/program files (x86)/microchip/mplabc32/v2.02/bin/../lib/gcc/pic32mx/4.5.1/../../../../pic32mx/lib/crt0.o (_on_reset)
c:/program files (x86)/microchip/mplabc32/v2.02/bin/../lib/gcc/pic32mx/4.5.1/../../../../pic32mx/lib\libc.a(default-on-bootstrap.o)
                              c:/program files (x86)/microchip/mplabc32/v2.02/bin/../lib/gcc/pic32mx/4.5.1/../../../../pic32mx/lib/crt0.o (_on_bootstrap)
c:/program files (x86)/microchip/mplabc32/v2.02/bin/../lib/gcc/pic32mx/4.5.1/../../../../pic32mx/lib\libc.a(default-nmi-handler.o)
                              c:/program files (x86)/microchip/mplabc32/v2.02/bin/../lib/gcc/pic32mx/4.5.1/../../../../pic32mx/lib/crt0.o (_nmi_handler)
c:/program files (x86)/microchip/mplabc32/v2.02/bin/../lib/gcc/pic32mx/4.5.1/../../../../pic32mx/lib\libmchp_peripheral_32MX564F128H.a(pcache.o)
                              Objects\main.o (CheKseg0CacheOn)
c:/program files (x86)/microchip/mplabc32/v2.02/bin/../lib/gcc/pic32mx/4.5.1/../../../../pic32mx/lib\libmchp_peripheral_32MX564F128H.a(int_enable_interrupts_lib.o)
                              Objects\usb_device.o (INTEnableInterrupts)
c:/program files (x86)/microchip/mplabc32/v2.02/bin/../lib/gcc/pic32mx/4.5.1/../../../../pic32mx/lib\libmchp_peripheral_32MX564F128H.a(int_disable_interrupts_lib.o)
                              Objects\main.o (INTDisableInterrupts)
c:/program files (x86)/microchip/mplabc32/v2.02/bin/../lib/gcc/pic32mx/4.5.1/../../../../pic32mx/lib\libmchp_peripheral_32MX564F128H.a(int_restore_interrupts_lib.o)
                              Objects\main.o (INTRestoreInterrupts)
c:/program files (x86)/microchip/mplabc32/v2.02/bin/../lib/gcc/pic32mx/4.5.1/../../../../pic32mx/lib\libmchp_peripheral_32MX564F128H.a(int_enable_mv_int_lib.o)
                              Objects\main.o (INTEnableSystemMultiVectoredInt)
c:/program files (x86)/microchip/mplabc32/v2.02/bin/../lib/gcc/pic32mx/4.5.1/../../../../pic32mx/lib\libmchp_peripheral_32MX564F128H.a(int_tbl_lib.o)
                              Objects\usb_device.o (INTClearFlag)
c:/program files (x86)/microchip/mplabc32/v2.02/bin/../lib/gcc/pic32mx/4.5.1/../../../../pic32mx/lib\libmchp_peripheral_32MX564F128H.a(nvm_erase_page_lib.o)
                              Objects\Actualizacion.o (NVMErasePage)
c:/program files (x86)/microchip/mplabc32/v2.02/bin/../lib/gcc/pic32mx/4.5.1/../../../../pic32mx/lib\libmchp_peripheral_32MX564F128H.a(nvm_operation_lib.o)
                              c:/program files (x86)/microchip/mplabc32/v2.02/bin/../lib/gcc/pic32mx/4.5.1/../../../../pic32mx/lib\libmchp_peripheral_32MX564F128H.a(nvm_erase_page_lib.o) (_NVMOperation)
c:/program files (x86)/microchip/mplabc32/v2.02/bin/../lib/gcc/pic32mx/4.5.1/../../../../pic32mx/lib\libmchp_peripheral_32MX564F128H.a(nvm_write_word_lib.o)
                              Objects\Actualizacion.o (NVMWriteWord)

Allocating common symbols
Common symbol       size              file

pDst                0x4               Objects\usb_device.o
readBytes           0x4               Objects\Comunicacion.o
USBDeferINDataStagePackets
                    0x4               Objects\usb_device.o
BDT                 0x40              Objects\usb_device.o
CtrlTrfData         0x8               Objects\usb_device.o
USBDeferOUTDataStagePackets
                    0x4               Objects\usb_device.o
USBDeviceState      0x4               Objects\usb_device.o
controlTransferState
                    0x1               Objects\usb_device.o
[...]
Memory Configuration

Name             Origin             Length             Attributes
kseg0_program_mem 0x9d000000         0x00006000         xr
kseg0_boot_mem   0x9fc00490         0x00000000
exception_mem    0x9fc01000         0x00001000
kseg1_boot_mem   0xbfc00000         0x00000490
debug_exec_mem   0xbfc02000         0x00000ff0
config3          0xbfc02ff0         0x00000004
config2          0xbfc02ff4         0x00000004
config1          0xbfc02ff8         0x00000004
config0          0xbfc02ffc         0x00000004
kseg1_data_mem   0xa0000000         0x00008000         w !x
sfrs             0xbf800000         0x00100000
configsfrs       0xbfc02ff0         0x00000010
*default*        0x00000000         0xffffffff

Linker script and memory map

LOAD c:/program files (x86)/microchip/mplabc32/v2.02/bin/../lib/gcc/pic32mx/4.5.1/../../../../pic32mx/lib/crt0.o
LOAD Objects\main.o
LOAD Objects\NVMem.o
LOAD Objects\usb_descriptors.o
LOAD Objects\usb_device.o
LOAD Objects\usb_function_hid.o
LOAD Objects\Comunicacion.o
LOAD Objects\Actualizacion.o
LOAD Objects\Control_TLC5620.o
LOAD Objects\Control_TPIC.o
                0x00000400                PROVIDE (_min_stack_size, 0x400)
LOAD c:/program files (x86)/microchip/mplabc32/v2.02/bin/../lib/gcc/pic32mx/4.5.1/../../../../pic32mx/lib/./proc/32MX564F128H\processor.o
                0x00000001                PROVIDE (_vector_spacing, 0x1)
                0x9fc01000                _ebase_address = 0x9fc01000
                0xbfc00000                _RESET_ADDR = 0xbfc00000
                0xbfc00380                _BEV_EXCPT_ADDR = 0xbfc00380
                0xbfc00480                _DBG_EXCPT_ADDR = 0xbfc00480
                0xbfc02000                _DBG_CODE_ADDR = 0xbfc02000
                0x00000ff0                _DBG_CODE_SIZE = 0xff0
                0x9fc01180                _GEN_EXCPT_ADDR = (_ebase_address + 0x180)

.config_BFC02FF0
                0xbfc02ff0        0x4
 *(.config_BFC02FF0)
 .config_BFC02FF0
                0xbfc02ff0        0x4 Objects\main.o

.config_BFC02FF4
                0xbfc02ff4        0x4
 *(.config_BFC02FF4)
 .config_BFC02FF4
                0xbfc02ff4        0x4 Objects\main.o

.config_BFC02FF8
                0xbfc02ff8        0x4
 *(.config_BFC02FF8)
 .config_BFC02FF8
                0xbfc02ff8        0x4 Objects\main.o

.config_BFC02FFC
                0xbfc02ffc        0x4
 *(.config_BFC02FFC)
 .config_BFC02FFC
                0xbfc02ffc        0x4 Objects\main.o
                0xbfc02000                PROVIDE (_DBG_CODE_ADDR, 0xbfc02000)
                0x00000ff0                PROVIDE (_DBG_CODE_SIZE, 0xff0)

.reset          0xbfc00000      0x1f4
 *(.reset)
 .reset         0xbfc00000       0x10 c:/program files (x86)/microchip/mplabc32/v2.02/bin/../lib/gcc/pic32mx/4.5.1/../../../../pic32mx/lib/crt0.o
                0xbfc00000                _reset
 *(.reset.startup)
 .reset.startup
                0xbfc00010      0x1e4 c:/program files (x86)/microchip/mplabc32/v2.02/bin/../lib/gcc/pic32mx/4.5.1/../../../../pic32mx/lib/crt0.o

.bev_excpt      0xbfc00380       0x10
 *(.bev_handler)
 .bev_handler   0xbfc00380       0x10 c:/program files (x86)/microchip/mplabc32/v2.02/bin/../lib/gcc/pic32mx/4.5.1/../../../../pic32mx/lib/crt0.o

.dbg_excpt      0xbfc00480        0x0
                0xbfc00480                . = (. + DEFINED (_DEBUGGER)?0x8:0x0)

.dbg_code       0xbfc02000        0x0
                0xbfc02000                . = (. + DEFINED (_DEBUGGER)?_DBG_CODE_SIZE:0x0)

.app_excpt      0x9fc01180       0x10
 *(.gen_handler)
 .gen_handler   0x9fc01180       0x10 c:/program files (x86)/microchip/mplabc32/v2.02/bin/../lib/gcc/pic32mx/4.5.1/../../../../pic32mx/lib/crt0.o

.vector_0       0x9fc01200        0x0
 *(.vector_0)
                0x00000001                ASSERT (((_vector_spacing == 0x0) || (SIZEOF (.vector_0) <= (_vector_spacing << 0x5))), function at exception vector 0 too large)

.vector_1       0x9fc01220        0x0
 *(.vector_1)
                0x00000001                ASSERT (((_vector_spacing == 0x0) || (SIZEOF (.vector_1) <= (_vector_spacing << 0x5))), function at exception vector 1 too large)

.vector_2       0x9fc01240        0x0
 *(.vector_2)
                0x00000001                ASSERT (((_vector_spacing == 0x0) || (SIZEOF (.vector_2) <= (_vector_spacing << 0x5))), function at exception vector 2 too large)

.vector_3       0x9fc01260        0x0
 *(.vector_3)
                0x00000001                ASSERT (((_vector_spacing == 0x0) || (SIZEOF (.vector_3) <= (_vector_spacing << 0x5))), function at exception vector 3 too large)

.vector_4       0x9fc01280        0x8
 *(.vector_4)
 .vector_4      0x9fc01280        0x8 Objects\main.o
                0x00000001                ASSERT (((_vector_spacing == 0x0) || (SIZEOF (.vector_4) <= (_vector_spacing << 0x5))), function at exception vector 4 too large)

.vector_5       0x9fc012a0        0x0
 *(.vector_5)
                0x00000001                ASSERT (((_vector_spacing == 0x0) || (SIZEOF (.vector_5) <= (_vector_spacing << 0x5))), function at exception vector 5 too large)

.vector_6       0x9fc012c0        0x0
 *(.vector_6)
                0x00000001                ASSERT (((_vector_spacing == 0x0) || (SIZEOF (.vector_6) <= (_vector_spacing << 0x5))), function at exception vector 6 too large)

.vector_7       0x9fc012e0        0x0
 *(.vector_7)
                0x00000001                ASSERT (((_vector_spacing == 0x0) || (SIZEOF (.vector_7) <= (_vector_spacing << 0x5))), function at exception vector 7 too large)

.vector_8       0x9fc01300        0x0
 *(.vector_8)
                0x00000001                ASSERT (((_vector_spacing == 0x0) || (SIZEOF (.vector_8) <= (_vector_spacing << 0x5))), function at exception vector 8 too large)

.vector_9       0x9fc01320        0x0
 *(.vector_9)
                0x00000001                ASSERT (((_vector_spacing == 0x0) || (SIZEOF (.vector_9) <= (_vector_spacing << 0x5))), function at exception vector 9 too large)

.vector_10      0x9fc01340        0x0
 *(.vector_10)
                0x00000001                ASSERT (((_vector_spacing == 0x0) || (SIZEOF (.vector_10) <= (_vector_spacing << 0x5))), function at exception vector 10 too large)

.vector_11      0x9fc01360        0x0
 *(.vector_11)
                0x00000001                ASSERT (((_vector_spacing == 0x0) || (SIZEOF (.vector_11) <= (_vector_spacing << 0x5))), function at exception vector 11 too large)

.vector_12      0x9fc01380        0x0
 *(.vector_12)
                0x00000001                ASSERT (((_vector_spacing == 0x0) || (SIZEOF (.vector_12) <= (_vector_spacing << 0x5))), function at exception vector 12 too large)

.vector_13      0x9fc013a0        0x0
 *(.vector_13)
                0x00000001                ASSERT (((_vector_spacing == 0x0) || (SIZEOF (.vector_13) <= (_vector_spacing << 0x5))), function at exception vector 13 too large)

.vector_14      0x9fc013c0        0x0
 *(.vector_14)
                0x00000001                ASSERT (((_vector_spacing == 0x0) || (SIZEOF (.vector_14) <= (_vector_spacing << 0x5))), function at exception vector 14 too large)

.vector_15      0x9fc013e0        0x0
 *(.vector_15)
                0x00000001                ASSERT (((_vector_spacing == 0x0) || (SIZEOF (.vector_15) <= (_vector_spacing << 0x5))), function at exception vector 15 too large)

.vector_16      0x9fc01400        0x0
 *(.vector_16)
                0x00000001                ASSERT (((_vector_spacing == 0x0) || (SIZEOF (.vector_16) <= (_vector_spacing << 0x5))), function at exception vector 16 too large)

.vector_17      0x9fc01420        0x0
 *(.vector_17)
                0x00000001                ASSERT (((_vector_spacing == 0x0) || (SIZEOF (.vector_17) <= (_vector_spacing << 0x5))), function at exception vector 17 too large)

.vector_18      0x9fc01440        0x0
 *(.vector_18)
                0x00000001                ASSERT (((_vector_spacing == 0x0) || (SIZEOF (.vector_18) <= (_vector_spacing << 0x5))), function at exception vector 18 too large)

.vector_19      0x9fc01460        0x0
 *(.vector_19)
                0x00000001                ASSERT (((_vector_spacing == 0x0) || (SIZEOF (.vector_19) <= (_vector_spacing << 0x5))), function at exception vector 19 too large)

.vector_20      0x9fc01480        0x0
 *(.vector_20)
                0x00000001                ASSERT (((_vector_spacing == 0x0) || (SIZEOF (.vector_20) <= (_vector_spacing << 0x5))), function at exception vector 20 too large)

.vector_21      0x9fc014a0        0x0
 *(.vector_21)
                0x00000001                ASSERT (((_vector_spacing == 0x0) || (SIZEOF (.vector_21) <= (_vector_spacing << 0x5))), function at exception vector 21 too large)

.vector_22      0x9fc014c0        0x0
 *(.vector_22)
                0x00000001                ASSERT (((_vector_spacing == 0x0) || (SIZEOF (.vector_22) <= (_vector_spacing << 0x5))), function at exception vector 22 too large)

.vector_23      0x9fc014e0        0x0
 *(.vector_23)
                0x00000001                ASSERT (((_vector_spacing == 0x0) || (SIZEOF (.vector_23) <= (_vector_spacing << 0x5))), function at exception vector 23 too large)

.vector_24      0x9fc01500        0x0
 *(.vector_24)
                0x00000001                ASSERT (((_vector_spacing == 0x0) || (SIZEOF (.vector_24) <= (_vector_spacing << 0x5))), function at exception vector 24 too large)

.vector_25      0x9fc01520        0x0
 *(.vector_25)
                0x00000001                ASSERT (((_vector_spacing == 0x0) || (SIZEOF (.vector_25) <= (_vector_spacing << 0x5))), function at exception vector 25 too large)

.vector_26      0x9fc01540        0x0
 *(.vector_26)
                0x00000001                ASSERT (((_vector_spacing == 0x0) || (SIZEOF (.vector_26) <= (_vector_spacing << 0x5))), function at exception vector 26 too large)

.vector_27      0x9fc01560        0x0
 *(.vector_27)
                0x00000001                ASSERT (((_vector_spacing == 0x0) || (SIZEOF (.vector_27) <= (_vector_spacing << 0x5))), function at exception vector 27 too large)

.vector_28      0x9fc01580        0x0
 *(.vector_28)
                0x00000001                ASSERT (((_vector_spacing == 0x0) || (SIZEOF (.vector_28) <= (_vector_spacing << 0x5))), function at exception vector 28 too large)

.vector_29      0x9fc015a0        0x0
 *(.vector_29)
                0x00000001                ASSERT (((_vector_spacing == 0x0) || (SIZEOF (.vector_29) <= (_vector_spacing << 0x5))), function at exception vector 29 too large)

.vector_30      0x9fc015c0        0x0
 *(.vector_30)
                0x00000001                ASSERT (((_vector_spacing == 0x0) || (SIZEOF (.vector_30) <= (_vector_spacing << 0x5))), function at exception vector 30 too large)

.vector_31      0x9fc015e0        0x0
 *(.vector_31)
                0x00000001                ASSERT (((_vector_spacing == 0x0) || (SIZEOF (.vector_31) <= (_vector_spacing << 0x5))), function at exception vector 31 too large)

.vector_32      0x9fc01600        0x0
 *(.vector_32)
                0x00000001                ASSERT (((_vector_spacing == 0x0) || (SIZEOF (.vector_32) <= (_vector_spacing << 0x5))), function at exception vector 32 too large)

.vector_33      0x9fc01620        0x0
 *(.vector_33)
                0x00000001                ASSERT (((_vector_spacing == 0x0) || (SIZEOF (.vector_33) <= (_vector_spacing << 0x5))), function at exception vector 33 too large)

.vector_34      0x9fc01640        0x0
 *(.vector_34)
                0x00000001                ASSERT (((_vector_spacing == 0x0) || (SIZEOF (.vector_34) <= (_vector_spacing << 0x5))), function at exception vector 34 too large)

.vector_35      0x9fc01660        0x0
 *(.vector_35)
                0x00000001                ASSERT (((_vector_spacing == 0x0) || (SIZEOF (.vector_35) <= (_vector_spacing << 0x5))), function at exception vector 35 too large)

.vector_36      0x9fc01680        0x0
 *(.vector_36)
                0x00000001                ASSERT (((_vector_spacing == 0x0) || (SIZEOF (.vector_36) <= (_vector_spacing << 0x5))), function at exception vector 36 too large)

.vector_37      0x9fc016a0        0x0
 *(.vector_37)
                0x00000001                ASSERT (((_vector_spacing == 0x0) || (SIZEOF (.vector_37) <= (_vector_spacing << 0x5))), function at exception vector 37 too large)

.vector_38      0x9fc016c0        0x0
 *(.vector_38)
                0x00000001                ASSERT (((_vector_spacing == 0x0) || (SIZEOF (.vector_38) <= (_vector_spacing << 0x5))), function at exception vector 38 too large)

.vector_39      0x9fc016e0        0x0
 *(.vector_39)
                0x00000001                ASSERT (((_vector_spacing == 0x0) || (SIZEOF (.vector_39) <= (_vector_spacing << 0x5))), function at exception vector 39 too large)

.vector_40      0x9fc01700        0x0
 *(.vector_40)
                0x00000001                ASSERT (((_vector_spacing == 0x0) || (SIZEOF (.vector_40) <= (_vector_spacing << 0x5))), function at exception vector 40 too large)

.vector_41      0x9fc01720        0x0
 *(.vector_41)
                0x00000001                ASSERT (((_vector_spacing == 0x0) || (SIZEOF (.vector_41) <= (_vector_spacing << 0x5))), function at exception vector 41 too large)

.vector_42      0x9fc01740        0x0
 *(.vector_42)
                0x00000001                ASSERT (((_vector_spacing == 0x0) || (SIZEOF (.vector_42) <= (_vector_spacing << 0x5))), function at exception vector 42 too large)

.vector_43      0x9fc01760        0x0
 *(.vector_43)
                0x00000001                ASSERT (((_vector_spacing == 0x0) || (SIZEOF (.vector_43) <= (_vector_spacing << 0x5))), function at exception vector 43 too large)

.vector_44      0x9fc01780        0x0
 *(.vector_44)
                0x00000001                ASSERT (((_vector_spacing == 0x0) || (SIZEOF (.vector_44) <= (_vector_spacing << 0x5))), function at exception vector 44 too large)

.vector_45      0x9fc017a0        0x8
 *(.vector_45)
 .vector_45     0x9fc017a0        0x8 Objects\usb_device.o
                0x00000001                ASSERT (((_vector_spacing == 0x0) || (SIZEOF (.vector_45) <= (_vector_spacing << 0x5))), function at exception vector 45 too large)

.vector_46      0x9fc017c0        0x0
 *(.vector_46)
                0x00000001                ASSERT (((_vector_spacing == 0x0) || (SIZEOF (.vector_46) <= (_vector_spacing << 0x5))), function at exception vector 46 too large)

.vector_47      0x9fc017e0        0x0
 *(.vector_47)
                0x00000001                ASSERT (((_vector_spacing == 0x0) || (SIZEOF (.vector_47) <= (_vector_spacing << 0x5))), function at exception vector 47 too large)

.vector_48      0x9fc01800        0x0
 *(.vector_48)
                0x00000001                ASSERT (((_vector_spacing == 0x0) || (SIZEOF (.vector_48) <= (_vector_spacing << 0x5))), function at exception vector 48 too large)

.vector_49      0x9fc01820        0x0
 *(.vector_49)
                0x00000001                ASSERT (((_vector_spacing == 0x0) || (SIZEOF (.vector_49) <= (_vector_spacing << 0x5))), function at exception vector 49 too large)

.vector_50      0x9fc01840        0x0
 *(.vector_50)
                0x00000001                ASSERT (((_vector_spacing == 0x0) || (SIZEOF (.vector_50) <= (_vector_spacing << 0x5))), function at exception vector 50 too large)

.vector_51      0x9fc01860        0x0
 *(.vector_51)
                0x00000001                ASSERT (((_vector_spacing == 0x0) || (SIZEOF (.vector_51) <= (_vector_spacing << 0x5))), function at exception vector 51 too large)

.vector_52      0x9fc01880        0x0
 *(.vector_52)
                0x00000001                ASSERT (((_vector_spacing == 0x0) || (SIZEOF (.vector_52) <= (_vector_spacing << 0x5))), function at exception vector 52 too large)

.vector_53      0x9fc018a0        0x0
 *(.vector_53)
                0x00000001                ASSERT (((_vector_spacing == 0x0) || (SIZEOF (.vector_53) <= (_vector_spacing << 0x5))), function at exception vector 53 too large)

.vector_54      0x9fc018c0        0x0
 *(.vector_54)
                0x00000001                ASSERT (((_vector_spacing == 0x0) || (SIZEOF (.vector_54) <= (_vector_spacing << 0x5))), function at exception vector 54 too large)

.vector_55      0x9fc018e0        0x0
 *(.vector_55)
                0x00000001                ASSERT (((_vector_spacing == 0x0) || (SIZEOF (.vector_55) <= (_vector_spacing << 0x5))), function at exception vector 55 too large)

.vector_56      0x9fc01900        0x0
 *(.vector_56)
                0x00000001                ASSERT (((_vector_spacing == 0x0) || (SIZEOF (.vector_56) <= (_vector_spacing << 0x5))), function at exception vector 56 too large)

.vector_57      0x9fc01920        0x0
 *(.vector_57)
                0x00000001                ASSERT (((_vector_spacing == 0x0) || (SIZEOF (.vector_57) <= (_vector_spacing << 0x5))), function at exception vector 57 too large)

.vector_58      0x9fc01940        0x0
 *(.vector_58)
                0x00000001                ASSERT (((_vector_spacing == 0x0) || (SIZEOF (.vector_58) <= (_vector_spacing << 0x5))), function at exception vector 58 too large)

.vector_59      0x9fc01960        0x0
 *(.vector_59)
                0x00000001                ASSERT (((_vector_spacing == 0x0) || (SIZEOF (.vector_59) <= (_vector_spacing << 0x5))), function at exception vector 59 too large)

.vector_60      0x9fc01980        0x0
 *(.vector_60)
                0x00000001                ASSERT (((_vector_spacing == 0x0) || (SIZEOF (.vector_60) <= (_vector_spacing << 0x5))), function at exception vector 60 too large)

.vector_61      0x9fc019a0        0x0
 *(.vector_61)
                0x00000001                ASSERT (((_vector_spacing == 0x0) || (SIZEOF (.vector_61) <= (_vector_spacing << 0x5))), function at exception vector 61 too large)

.vector_62      0x9fc019c0        0x0
 *(.vector_62)
                0x00000001                ASSERT (((_vector_spacing == 0x0) || (SIZEOF (.vector_62) <= (_vector_spacing << 0x5))), function at exception vector 62 too large)

.vector_63      0x9fc019e0        0x0
 *(.vector_63)
                0x00000001                ASSERT (((_vector_spacing == 0x0) || (SIZEOF (.vector_63) <= (_vector_spacing << 0x5))), function at exception vector 63 too large)

.startup
 *(.startup)

.text           0x9d000000        0x0
 *(.stub .gnu.linkonce.t.*)
 *(.text.*personality*)
 *(.mips16.fn.*)
 *(.mips16.call.*)
 *(.gnu.warning)
                0x9d000000                . = ALIGN (0x4)

.init           0x9d000000        0x0
 *crti.o(.init)
 *crtbegin.o(.init)
 *(EXCLUDE_FILE(*crtn.o *crtend?.o *crtend.o) .init)
 *crtend.o(.init)
 *crtn.o(.init)
                0x9d000000                . = ALIGN (0x4)

.fini           0x9d000000        0x0
 *(.fini)
                0x9d000000                . = ALIGN (0x4)

.preinit_array  0x9d000000        0x0
                0x9d000000                PROVIDE (__preinit_array_start, .)
 *(.preinit_array)
                0x9d000000                PROVIDE (__preinit_array_end, .)
                0x9d000000                . = ALIGN (0x4)

.init_array     0x9d000000        0x0
                0x9d000000                PROVIDE (__init_array_start, .)
 *(SORT(.init_array.*))
 *(.init_array)
                0x9d000000                PROVIDE (__init_array_end, .)
                0x9d000000                . = ALIGN (0x4)

.fini_array     0x9d000000        0x0
                0x9d000000                PROVIDE (__fini_array_start, .)
 *(SORT(.fini_array.*))
 *(.fini_array)
                0x9d000000                PROVIDE (__fini_array_end, .)
                0x9d000000                . = ALIGN (0x4)

.ctors          0x9d000000        0x0
 *crtbegin.o(.ctors)
 *crtbegin?.o(.ctors)
 *(EXCLUDE_FILE(*crtend?.o *crtend.o) .ctors)
 *(SORT(.ctors.*))
 *(.ctors)
                0x9d000000                . = ALIGN (0x4)

.dtors          0x9d000000        0x0
 *crtbegin.o(.dtors)
 *crtbegin?.o(.dtors)
 *(EXCLUDE_FILE(*crtend?.o *crtend.o) .dtors)
 *(SORT(.dtors.*))
 *(.dtors)
                0x9d000000                . = ALIGN (0x4)

.rodata         0x9d000000        0x0
 *(.gnu.linkonce.r.*)
 *(.rodata1)
                0x9d000000                . = ALIGN (0x4)

.sdata2         0x9fc00490        0x0
 *(.sdata2 .sdata2.* .gnu.linkonce.s2.*)
                0x9fc00490                . = ALIGN (0x4)

.sbss2          0x9fc00490        0x0
 *(.sbss2 .sbss2.* .gnu.linkonce.sb2.*)
                0x9fc00490                . = ALIGN (0x4)

.eh_frame_hdr
 *(.eh_frame_hdr)
                0x9fc00490                . = ALIGN (0x4)

.eh_frame
 *(.eh_frame)
                0x9fc00490                . = ALIGN (0x4)

.gcc_except_table
 *(.gcc_except_table .gcc_except_table.*)
                0x9fc00490                . = ALIGN (0x4)

.dbg_data       0xa0000000        0x0
                0xa0000000                . = (. + DEFINED (_DEBUGGER)?0x200:0x0)

.jcr            0xa0000000        0x0
 *(.jcr)
                0xa0000000                . = ALIGN (0x4)

.eh_frame
 *(.eh_frame)
                0xa0000000                . = ALIGN (0x4)

.gcc_except_table
 *(.gcc_except_table .gcc_except_table.*)
                0xa0000000                . = ALIGN (0x4)

.persist        0xa0000000        0x0
                0xa0000000                _persist_begin = .
 *(.persist .persist.*)
 *(.pbss .pbss.*)
                0xa0000000                . = ALIGN (0x4)
                0xa0000000                _persist_end = .

.data           0xa0000000        0x0
 *(.gnu.linkonce.d.*)
 *(.data1)
                0xa0000000                . = ALIGN (0x4)
                0xa0000000                . = .
                0xa0007ff0                _gp = (ALIGN (0x10) + 0x7ff0)

.got            0xa0000000        0x0
 *(.got.plt)
 *(.got)
                0xa0000000                . = ALIGN (0x4)

.sdata          0xa0000000        0x4
                0xa0000000                _sdata_begin = .
 *(.sdata .sdata.* .gnu.linkonce.s.*)
 .sdata         0xa0000000        0x4 Objects\Actualizacion.o
                0xa0000000                USER_APP_RESET_ADDRESS
                0xa0000004                . = ALIGN (0x4)
                0xa0000004                _sdata_end = .

.lit8
 *(.lit8)

.lit4
 *(.lit4)
                0xa0000004                . = ALIGN (0x4)
                0xa0000004                _data_end = .
                0xa0000004                _bss_begin = .

.sbss           0xa0000004       0xac
                0xa0000004                _sbss_begin = .
 *(.dynsbss)
 *(.sbss .sbss.* .gnu.linkonce.sb.*)
 .sbss          0xa0000004        0xc Objects\main.o
                0xa0000004                tick_T1
                0xa0000005                Cont_Blink
                0xa0000006                Hay_App
                0xa0000007                Blink_PB
                0xa0000008                USBOutHandle
                0xa000000c                USBInHandle
 .sbss          0xa0000010       0x1c Objects\Comunicacion.o
                0xa0000010                rxLenght
                0xa0000011                Error_Trama
                0xa0000014                Cont_ascii
                0xa0000018                Cont_Frames
                0xa0000019                Saved_OK
                0xa000001c                Suma_Bytes
                0xa0000020                Error_While
                0xa0000021                Salta
                0xa0000024                pointer
 *(.scommon)
 .scommon       0xa000002c        0x8 Objects\main.o
                0xa000002c                Rele
                0xa0000030                Led
 .scommon       0xa0000034       0x6c Objects\usb_device.o
                0xa0000034                pDst
                0xa0000038                USBDeferINDataStagePackets
                0xa000003c                CtrlTrfData
                0xa0000044                USBDeferOUTDataStagePackets
                0xa0000048                USBDeviceState
                0xa000004c                controlTransferState
                0xa000004d                endpoint_number
                0xa0000050                pBDTEntryIn
                0xa0000058                ep_data_out
                0xa000005c                USBStatusStageEnabledFlag1
                0xa0000060                USBStatusStageEnabledFlag2
                0xa0000064                pBDTEntryOut
                0xa000006c                BothEP0OutUOWNsSet
                0xa0000070                pBDTEntryEP0OutNext
                0xa0000074                USBBusIsSuspended
                0xa0000078                USBStatusStageTimeoutCounter
                0xa000007c                SetupPkt
                0xa0000084                ep_data_in
                0xa0000086                shortPacketStatus
                0xa0000088                pBDTEntryEP0OutCurrent
                0xa000008c                USBActiveConfiguration
                0xa0000090                RemoteWakeup
                0xa0000094                USTATcopy
                0xa0000098                USBAlternateInterface
                0xa000009c                USBDeferStatusStagePacket
 .scommon       0xa00000a0        0x2 Objects\usb_function_hid.o
                0xa00000a0                active_protocol
                0xa00000a1                idle_rate
 *fill*         0xa00000a2        0x2 00
 .scommon       0xa00000a4        0xc Objects\Comunicacion.o
                0xa00000a4                readBytes
                0xa00000a8                record
 .scommon       0xa00000b0        0x0 Objects\Control_TPIC.o
                0xa00000b0                _sbss_end = .
                0xa00000b0                . = ALIGN (0x4)

.bss            0xa0000200      0x324
 *(.dynbss)
 *(COMMON)
 COMMON         0xa0000200       0x80 Objects\main.o
                0xa0000200                ReceivedDataBuffer
                0xa0000240                ToSendDataBuffer
 *fill*         0xa0000280      0x180 00
 COMMON         0xa0000400       0x5b Objects\usb_device.o
                0xa0000400                BDT
                0xa0000440                inPipes
                0xa0000450                outPipes
 *fill*         0xa000045b        0x1 00
 COMMON         0xa000045c       0xc8 Objects\Comunicacion.o
                0xa000045c                asciiBuffer
                0xa00004c0                hexRec
                0xa0000524                . = ALIGN ((. != 0x0)?0x4:0x1)
                0xa0000524                . = ALIGN (0x4)
                0xa0000524                _end = .
                0xa0000524                _bss_end = .
                0x00008000                _bmxdudba_address = 0x8000
                0x00008000                _bmxdupba_address = 0x8000

/DISCARD/
 *(.pdr)
 *(.rel.dyn)
 *(.note.GNU-stack)
 *(.note.GNU-stack)
 *(.gnu_debuglink)
 *(.gnu.lto_*)
 *(.discard)
 *(._debug_exception)

.gptab.sdata
 *(.gptab.data)
 *(.gptab.sdata)

.gptab.sbss
 *(.gptab.bss)
 *(.gptab.sbss)

.mdebug.abi32   0xa0000524        0x0
 *(.mdebug.abi32)
 .mdebug.abi32  0xa0000524        0x0 Objects\main.o
 .mdebug.abi32  0xa0000524        0x0 Objects\NVMem.o
 .mdebug.abi32  0xa0000524        0x0 Objects\usb_descriptors.o
 .mdebug.abi32  0xa0000524        0x0 Objects\usb_device.o
 .mdebug.abi32  0xa0000524        0x0 Objects\usb_function_hid.o
 .mdebug.abi32  0xa0000524        0x0 Objects\Comunicacion.o
 .mdebug.abi32  0xa0000524        0x0 Objects\Actualizacion.o
 .mdebug.abi32  0xa0000524        0x0 Objects\Control_TLC5620.o
 .mdebug.abi32  0xa0000524        0x0 Objects\Control_TPIC.o
 .mdebug.abi32  0xa0000524        0x0 c:/program files (x86)/microchip/mplabc32/v2.02/bin/../lib/gcc/pic32mx/4.5.1/../../../../pic32mx/lib\libc.a(default-general-exception-handler.o)
 .mdebug.abi32  0xa0000524        0x0 c:/program files (x86)/microchip/mplabc32/v2.02/bin/../lib/gcc/pic32mx/4.5.1/../../../../pic32mx/lib\libc.a(default-bootstrap-exception-handler.o)
 .mdebug.abi32  0xa0000524        0x0 c:/program files (x86)/microchip/mplabc32/v2.02/bin/../lib/gcc/pic32mx/4.5.1/../../../../pic32mx/lib\libc.a(default-on-reset.o)
 .mdebug.abi32  0xa0000524        0x0 c:/program files (x86)/microchip/mplabc32/v2.02/bin/../lib/gcc/pic32mx/4.5.1/../../../../pic32mx/lib\libc.a(default-on-bootstrap.o)
 .mdebug.abi32  0xa0000524        0x0 c:/program files (x86)/microchip/mplabc32/v2.02/bin/../lib/gcc/pic32mx/4.5.1/../../../../pic32mx/lib\libmchp_peripheral_32MX564F128H.a(pcache.o)
 .mdebug.abi32  0xa0000524        0x0 c:/program files (x86)/microchip/mplabc32/v2.02/bin/../lib/gcc/pic32mx/4.5.1/../../../../pic32mx/lib\libmchp_peripheral_32MX564F128H.a(int_enable_interrupts_lib.o)
 .mdebug.abi32  0xa0000524        0x0 c:/program files (x86)/microchip/mplabc32/v2.02/bin/../lib/gcc/pic32mx/4.5.1/../../../../pic32mx/lib\libmchp_peripheral_32MX564F128H.a(int_disable_interrupts_lib.o)
 .mdebug.abi32  0xa0000524        0x0 c:/program files (x86)/microchip/mplabc32/v2.02/bin/../lib/gcc/pic32mx/4.5.1/../../../../pic32mx/lib\libmchp_peripheral_32MX564F128H.a(int_restore_interrupts_lib.o)
 .mdebug.abi32  0xa0000524        0x0 c:/program files (x86)/microchip/mplabc32/v2.02/bin/../lib/gcc/pic32mx/4.5.1/../../../../pic32mx/lib\libmchp_peripheral_32MX564F128H.a(int_enable_mv_int_lib.o)
 .mdebug.abi32  0xa0000524        0x0 c:/program files (x86)/microchip/mplabc32/v2.02/bin/../lib/gcc/pic32mx/4.5.1/../../../../pic32mx/lib\libmchp_peripheral_32MX564F128H.a(int_tbl_lib.o)
 .mdebug.abi32  0xa0000524        0x0 c:/program files (x86)/microchip/mplabc32/v2.02/bin/../lib/gcc/pic32mx/4.5.1/../../../../pic32mx/lib\libmchp_peripheral_32MX564F128H.a(nvm_erase_page_lib.o)
 .mdebug.abi32  0xa0000524        0x0 c:/program files (x86)/microchip/mplabc32/v2.02/bin/../lib/gcc/pic32mx/4.5.1/../../../../pic32mx/lib\libmchp_peripheral_32MX564F128H.a(nvm_operation_lib.o)
 .mdebug.abi32  0xa0000524        0x0 c:/program files (x86)/microchip/mplabc32/v2.02/bin/../lib/gcc/pic32mx/4.5.1/../../../../pic32mx/lib\libmchp_peripheral_32MX564F128H.a(nvm_write_word_lib.o)

.mdebug.abiN32
 *(.mdebug.abiN32)

.mdebug.abi64
 *(.mdebug.abi64)

.mdebug.abiO64
 *(.mdebug.abiO64)

.mdebug.eabi32
 *(.mdebug.eabi32)

.mdebug.eabi64
 *(.mdebug.eabi64)

.gcc_compiled_long32
 *(.gcc_compiled_long32)

.gcc_compiled_long64
 *(.gcc_compiled_long64)

.stab
 *(.stab)

.stabstr
 *(.stabstr)

.stab.excl
 *(.stab.excl)

.stab.exclstr
 *(.stab.exclstr)

.stab.index
 *(.stab.index)

.stab.indexstr
 *(.stab.indexstr)

.comment        0x00000000       0xf7
 *(.comment)
 .comment       0x00000000       0x51 Objects\main.o
                                 0x52 (size before relaxing)
 .comment       0x00000000       0x52 Objects\NVMem.o
 .comment       0x00000000       0x52 Objects\usb_descriptors.o
 .comment       0x00000000       0x52 Objects\usb_device.o
 .comment       0x00000000       0x52 Objects\usb_function_hid.o
 .comment       0x00000000       0x52 Objects\Comunicacion.o
 .comment       0x00000000       0x52 Objects\Actualizacion.o
 .comment       0x00000000       0x52 Objects\Control_TLC5620.o
 .comment       0x00000000       0x52 Objects\Control_TPIC.o
 .comment       0x00000051       0x55 c:/program files (x86)/microchip/mplabc32/v2.02/bin/../lib/gcc/pic32mx/4.5.1/../../../../pic32mx/lib\libc.a(memset.o)
                                 0x56 (size before relaxing)
 .comment       0x00000000       0x52 c:/program files (x86)/microchip/mplabc32/v2.02/bin/../lib/gcc/pic32mx/4.5.1/../../../../pic32mx/lib\libc.a(default-general-exception-handler.o)
 .comment       0x00000000       0x52 c:/program files (x86)/microchip/mplabc32/v2.02/bin/../lib/gcc/pic32mx/4.5.1/../../../../pic32mx/lib\libc.a(default-bootstrap-exception-handler.o)
 .comment       0x00000000       0x52 c:/program files (x86)/microchip/mplabc32/v2.02/bin/../lib/gcc/pic32mx/4.5.1/../../../../pic32mx/lib\libc.a(default-on-reset.o)
 .comment       0x00000000       0x52 c:/program files (x86)/microchip/mplabc32/v2.02/bin/../lib/gcc/pic32mx/4.5.1/../../../../pic32mx/lib\libc.a(default-on-bootstrap.o)
 .comment       0x000000a6       0x51 c:/program files (x86)/microchip/mplabc32/v2.02/bin/../lib/gcc/pic32mx/4.5.1/../../../../pic32mx/lib\libmchp_peripheral_32MX564F128H.a(pcache.o)
                                 0x52 (size before relaxing)
 .comment       0x00000000       0x52 c:/program files (x86)/microchip/mplabc32/v2.02/bin/../lib/gcc/pic32mx/4.5.1/../../../../pic32mx/lib\libmchp_peripheral_32MX564F128H.a(int_enable_interrupts_lib.o)
 .comment       0x00000000       0x52 c:/program files (x86)/microchip/mplabc32/v2.02/bin/../lib/gcc/pic32mx/4.5.1/../../../../pic32mx/lib\libmchp_peripheral_32MX564F128H.a(int_disable_interrupts_lib.o)
 .comment       0x00000000       0x52 c:/program files (x86)/microchip/mplabc32/v2.02/bin/../lib/gcc/pic32mx/4.5.1/../../../../pic32mx/lib\libmchp_peripheral_32MX564F128H.a(int_restore_interrupts_lib.o)
 .comment       0x00000000       0x52 c:/program files (x86)/microchip/mplabc32/v2.02/bin/../lib/gcc/pic32mx/4.5.1/../../../../pic32mx/lib\libmchp_peripheral_32MX564F128H.a(int_enable_mv_int_lib.o)
 .comment       0x00000000       0x52 c:/program files (x86)/microchip/mplabc32/v2.02/bin/../lib/gcc/pic32mx/4.5.1/../../../../pic32mx/lib\libmchp_peripheral_32MX564F128H.a(int_tbl_lib.o)
 .comment       0x00000000       0x52 c:/program files (x86)/microchip/mplabc32/v2.02/bin/../lib/gcc/pic32mx/4.5.1/../../../../pic32mx/lib\libmchp_peripheral_32MX564F128H.a(nvm_erase_page_lib.o)
 .comment       0x00000000       0x52 c:/program files (x86)/microchip/mplabc32/v2.02/bin/../lib/gcc/pic32mx/4.5.1/../../../../pic32mx/lib\libmchp_peripheral_32MX564F128H.a(nvm_operation_lib.o)
 .comment       0x00000000       0x52 c:/program files (x86)/microchip/mplabc32/v2.02/bin/../lib/gcc/pic32mx/4.5.1/../../../../pic32mx/lib\libmchp_peripheral_32MX564F128H.a(nvm_write_word_lib.o)

.debug
 *(.debug)

.line
 *(.line)

.debug_srcinfo
 *(.debug_srcinfo)

.debug_sfnames
 *(.debug_sfnames)

.debug_aranges  0x00000000      0x2e8
 *(.debug_aranges)
 .debug_aranges
                0x00000000       0x20 Objects\main.o
 .debug_aranges
                0x00000020       0x20 Objects\NVMem.o
 .debug_aranges
                0x00000040       0x20 Objects\usb_device.o
 .debug_aranges
                0x00000060       0x20 Objects\usb_function_hid.o
 .debug_aranges
                0x00000080       0x20 Objects\Comunicacion.o
 .debug_aranges
                0x000000a0       0x20 Objects\Actualizacion.o
 .debug_aranges
                0x000000c0       0x20 Objects\Control_TLC5620.o
 .debug_aranges
                0x000000e0       0x20 Objects\Control_TPIC.o
 .debug_aranges
                0x00000100       0x20 c:/program files (x86)/microchip/mplabc32/v2.02/bin/../lib/gcc/pic32mx/4.5.1/../../../../pic32mx/lib\libc.a(default-general-exception-handler.o)
 .debug_aranges
                0x00000120       0x20 c:/program files (x86)/microchip/mplabc32/v2.02/bin/../lib/gcc/pic32mx/4.5.1/../../../../pic32mx/lib\libc.a(default-bootstrap-exception-handler.o)
 .debug_aranges
                0x00000140       0x20 c:/program files (x86)/microchip/mplabc32/v2.02/bin/../lib/gcc/pic32mx/4.5.1/../../../../pic32mx/lib\libc.a(default-on-reset.o)
 .debug_aranges
                0x00000160       0x20 c:/program files (x86)/microchip/mplabc32/v2.02/bin/../lib/gcc/pic32mx/4.5.1/../../../../pic32mx/lib\libc.a(default-on-bootstrap.o)
 .debug_aranges
                0x00000180       0x28 c:/program files (x86)/microchip/mplabc32/v2.02/bin/../lib/gcc/pic32mx/4.5.1/../../../../pic32mx/lib\libmchp_peripheral_32MX564F128H.a(pcache.o)
 .debug_aranges
                0x000001a8       0x20 c:/program files (x86)/microchip/mplabc32/v2.02/bin/../lib/gcc/pic32mx/4.5.1/../../../../pic32mx/lib\libmchp_peripheral_32MX564F128H.a(int_enable_interrupts_lib.o)
 .debug_aranges
                0x000001c8       0x20 c:/program files (x86)/microchip/mplabc32/v2.02/bin/../lib/gcc/pic32mx/4.5.1/../../../../pic32mx/lib\libmchp_peripheral_32MX564F128H.a(int_disable_interrupts_lib.o)
 .debug_aranges
                0x000001e8       0x20 c:/program files (x86)/microchip/mplabc32/v2.02/bin/../lib/gcc/pic32mx/4.5.1/../../../../pic32mx/lib\libmchp_peripheral_32MX564F128H.a(int_restore_interrupts_lib.o)
 .debug_aranges
                0x00000208       0x20 c:/program files (x86)/microchip/mplabc32/v2.02/bin/../lib/gcc/pic32mx/4.5.1/../../../../pic32mx/lib\libmchp_peripheral_32MX564F128H.a(int_enable_mv_int_lib.o)
 .debug_aranges
                0x00000228       0x60 c:/program files (x86)/microchip/mplabc32/v2.02/bin/../lib/gcc/pic32mx/4.5.1/../../../../pic32mx/lib\libmchp_peripheral_32MX564F128H.a(int_tbl_lib.o)
 .debug_aranges
                0x00000288       0x20 c:/program files (x86)/microchip/mplabc32/v2.02/bin/../lib/gcc/pic32mx/4.5.1/../../../../pic32mx/lib\libmchp_peripheral_32MX564F128H.a(nvm_erase_page_lib.o)
 .debug_aranges
                0x000002a8       0x20 c:/program files (x86)/microchip/mplabc32/v2.02/bin/../lib/gcc/pic32mx/4.5.1/../../../../pic32mx/lib\libmchp_peripheral_32MX564F128H.a(nvm_operation_lib.o)
 .debug_aranges
                0x000002c8       0x20 c:/program files (x86)/microchip/mplabc32/v2.02/bin/../lib/gcc/pic32mx/4.5.1/../../../../pic32mx/lib\libmchp_peripheral_32MX564F128H.a(nvm_write_word_lib.o)

.debug_pubnames
                0x00000000      0xb25
 *(.debug_pubnames)
 .debug_pubnames
                0x00000000      0x112 Objects\main.o
 .debug_pubnames
                0x00000112       0x89 Objects\NVMem.o
 .debug_pubnames
                0x0000019b       0x81 Objects\usb_descriptors.o
 .debug_pubnames
                0x0000021c      0x33a Objects\usb_device.o
 .debug_pubnames
                0x00000556       0x4b Objects\usb_function_hid.o
 .debug_pubnames
                0x000005a1      0x1e6 Objects\Comunicacion.o
 .debug_pubnames
                0x00000787       0x79 Objects\Actualizacion.o
 .debug_pubnames
                0x00000800       0x24 Objects\Control_TLC5620.o
 .debug_pubnames
                0x00000824       0x34 Objects\Control_TPIC.o
 .debug_pubnames
                0x00000858       0x31 c:/program files (x86)/microchip/mplabc32/v2.02/bin/../lib/gcc/pic32mx/4.5.1/../../../../pic32mx/lib\libc.a(default-general-exception-handler.o)
 .debug_pubnames
                0x00000889       0x33 c:/program files (x86)/microchip/mplabc32/v2.02/bin/../lib/gcc/pic32mx/4.5.1/../../../../pic32mx/lib\libc.a(default-bootstrap-exception-handler.o)
 .debug_pubnames
                0x000008bc       0x20 c:/program files (x86)/microchip/mplabc32/v2.02/bin/../lib/gcc/pic32mx/4.5.1/../../../../pic32mx/lib\libc.a(default-on-reset.o)
 .debug_pubnames
                0x000008dc       0x24 c:/program files (x86)/microchip/mplabc32/v2.02/bin/../lib/gcc/pic32mx/4.5.1/../../../../pic32mx/lib\libc.a(default-on-bootstrap.o)
 .debug_pubnames
                0x00000900       0x3b c:/program files (x86)/microchip/mplabc32/v2.02/bin/../lib/gcc/pic32mx/4.5.1/../../../../pic32mx/lib\libmchp_peripheral_32MX564F128H.a(pcache.o)
 .debug_pubnames
                0x0000093b       0x2a c:/program files (x86)/microchip/mplabc32/v2.02/bin/../lib/gcc/pic32mx/4.5.1/../../../../pic32mx/lib\libmchp_peripheral_32MX564F128H.a(int_enable_interrupts_lib.o)
 .debug_pubnames
                0x00000965       0x2b c:/program files (x86)/microchip/mplabc32/v2.02/bin/../lib/gcc/pic32mx/4.5.1/../../../../pic32mx/lib\libmchp_peripheral_32MX564F128H.a(int_disable_interrupts_lib.o)
 .debug_pubnames
                0x00000990       0x2b c:/program files (x86)/microchip/mplabc32/v2.02/bin/../lib/gcc/pic32mx/4.5.1/../../../../pic32mx/lib\libmchp_peripheral_32MX564F128H.a(int_restore_interrupts_lib.o)
 .debug_pubnames
                0x000009bb       0x36 c:/program files (x86)/microchip/mplabc32/v2.02/bin/../lib/gcc/pic32mx/4.5.1/../../../../pic32mx/lib\libmchp_peripheral_32MX564F128H.a(int_enable_mv_int_lib.o)
 .debug_pubnames
                0x000009f1       0xca c:/program files (x86)/microchip/mplabc32/v2.02/bin/../lib/gcc/pic32mx/4.5.1/../../../../pic32mx/lib\libmchp_peripheral_32MX564F128H.a(int_tbl_lib.o)
 .debug_pubnames
                0x00000abb       0x23 c:/program files (x86)/microchip/mplabc32/v2.02/bin/../lib/gcc/pic32mx/4.5.1/../../../../pic32mx/lib\libmchp_peripheral_32MX564F128H.a(nvm_erase_page_lib.o)
 .debug_pubnames
                0x00000ade       0x24 c:/program files (x86)/microchip/mplabc32/v2.02/bin/../lib/gcc/pic32mx/4.5.1/../../../../pic32mx/lib\libmchp_peripheral_32MX564F128H.a(nvm_operation_lib.o)
 .debug_pubnames
                0x00000b02       0x23 c:/program files (x86)/microchip/mplabc32/v2.02/bin/../lib/gcc/pic32mx/4.5.1/../../../../pic32mx/lib\libmchp_peripheral_32MX564F128H.a(nvm_write_word_lib.o)

.debug_info     0x00000000    0x11086
 *(.debug_info .gnu.linkonce.wi.*)
 .debug_info    0x00000000     0x23b8 Objects\main.o
 .debug_info    0x000023b8     0x12b8 Objects\NVMem.o
 .debug_info    0x00003670     0x15ff Objects\usb_descriptors.o
 .debug_info    0x00004c6f     0x3ae8 Objects\usb_device.o
 .debug_info    0x00008757     0x1a97 Objects\usb_function_hid.o
 .debug_info    0x0000a1ee     0x1f56 Objects\Comunicacion.o
 .debug_info    0x0000c144     0x1a3d Objects\Actualizacion.o
 .debug_info    0x0000db81     0x12cc Objects\Control_TLC5620.o
 .debug_info    0x0000ee4d     0x1668 Objects\Control_TPIC.o
 .debug_info    0x000104b5      0x102 c:/program files (x86)/microchip/mplabc32/v2.02/bin/../lib/gcc/pic32mx/4.5.1/../../../../pic32mx/lib\libc.a(default-general-exception-handler.o)
 .debug_info    0x000105b7      0x106 c:/program files (x86)/microchip/mplabc32/v2.02/bin/../lib/gcc/pic32mx/4.5.1/../../../../pic32mx/lib\libc.a(default-bootstrap-exception-handler.o)
 .debug_info    0x000106bd       0xe0 c:/program files (x86)/microchip/mplabc32/v2.02/bin/../lib/gcc/pic32mx/4.5.1/../../../../pic32mx/lib\libc.a(default-on-reset.o)
 .debug_info    0x0001079d       0xe8 c:/program files (x86)/microchip/mplabc32/v2.02/bin/../lib/gcc/pic32mx/4.5.1/../../../../pic32mx/lib\libc.a(default-on-bootstrap.o)
 .debug_info    0x00010885       0xd4 c:/program files (x86)/microchip/mplabc32/v2.02/bin/../lib/gcc/pic32mx/4.5.1/../../../../pic32mx/lib\libmchp_peripheral_32MX564F128H.a(pcache.o)
 .debug_info    0x00010959       0xc9 c:/program files (x86)/microchip/mplabc32/v2.02/bin/../lib/gcc/pic32mx/4.5.1/../../../../pic32mx/lib\libmchp_peripheral_32MX564F128H.a(int_enable_interrupts_lib.o)
 .debug_info    0x00010a22       0xcb c:/program files (x86)/microchip/mplabc32/v2.02/bin/../lib/gcc/pic32mx/4.5.1/../../../../pic32mx/lib\libmchp_peripheral_32MX564F128H.a(int_disable_interrupts_lib.o)
 .debug_info    0x00010aed       0xcb c:/program files (x86)/microchip/mplabc32/v2.02/bin/../lib/gcc/pic32mx/4.5.1/../../../../pic32mx/lib\libmchp_peripheral_32MX564F128H.a(int_restore_interrupts_lib.o)
 .debug_info    0x00010bb8       0xd1 c:/program files (x86)/microchip/mplabc32/v2.02/bin/../lib/gcc/pic32mx/4.5.1/../../../../pic32mx/lib\libmchp_peripheral_32MX564F128H.a(int_enable_mv_int_lib.o)
 .debug_info    0x00010c89      0x1ab c:/program files (x86)/microchip/mplabc32/v2.02/bin/../lib/gcc/pic32mx/4.5.1/../../../../pic32mx/lib\libmchp_peripheral_32MX564F128H.a(int_tbl_lib.o)
 .debug_info    0x00010e34       0xbb c:/program files (x86)/microchip/mplabc32/v2.02/bin/../lib/gcc/pic32mx/4.5.1/../../../../pic32mx/lib\libmchp_peripheral_32MX564F128H.a(nvm_erase_page_lib.o)
 .debug_info    0x00010eef       0xdc c:/program files (x86)/microchip/mplabc32/v2.02/bin/../lib/gcc/pic32mx/4.5.1/../../../../pic32mx/lib\libmchp_peripheral_32MX564F128H.a(nvm_operation_lib.o)
 .debug_info    0x00010fcb       0xbb c:/program files (x86)/microchip/mplabc32/v2.02/bin/../lib/gcc/pic32mx/4.5.1/../../../../pic32mx/lib\libmchp_peripheral_32MX564F128H.a(nvm_write_word_lib.o)

.debug_abbrev   0x00000000     0x17ae
 *(.debug_abbrev)
 .debug_abbrev  0x00000000      0x370 Objects\main.o
 .debug_abbrev  0x00000370      0x272 Objects\NVMem.o
 .debug_abbrev  0x000005e2      0x1e5 Objects\usb_descriptors.o
 .debug_abbrev  0x000007c7      0x393 Objects\usb_device.o
 .debug_abbrev  0x00000b5a      0x1e3 Objects\usb_function_hid.o
 .debug_abbrev  0x00000d3d      0x2ca Objects\Comunicacion.o
 .debug_abbrev  0x00001007      0x22f Objects\Actualizacion.o
 .debug_abbrev  0x00001236      0x1aa Objects\Control_TLC5620.o
 .debug_abbrev  0x000013e0      0x1de Objects\Control_TPIC.o
 .debug_abbrev  0x000015be       0x25 c:/program files (x86)/microchip/mplabc32/v2.02/bin/../lib/gcc/pic32mx/4.5.1/../../../../pic32mx/lib\libc.a(default-general-exception-handler.o)
 .debug_abbrev  0x000015e3       0x25 c:/program files (x86)/microchip/mplabc32/v2.02/bin/../lib/gcc/pic32mx/4.5.1/../../../../pic32mx/lib\libc.a(default-bootstrap-exception-handler.o)
 .debug_abbrev  0x00001608       0x25 c:/program files (x86)/microchip/mplabc32/v2.02/bin/../lib/gcc/pic32mx/4.5.1/../../../../pic32mx/lib\libc.a(default-on-reset.o)
 .debug_abbrev  0x0000162d       0x25 c:/program files (x86)/microchip/mplabc32/v2.02/bin/../lib/gcc/pic32mx/4.5.1/../../../../pic32mx/lib\libc.a(default-on-bootstrap.o)
 .debug_abbrev  0x00001652       0x25 c:/program files (x86)/microchip/mplabc32/v2.02/bin/../lib/gcc/pic32mx/4.5.1/../../../../pic32mx/lib\libmchp_peripheral_32MX564F128H.a(pcache.o)
 .debug_abbrev  0x00001677       0x25 c:/program files (x86)/microchip/mplabc32/v2.02/bin/../lib/gcc/pic32mx/4.5.1/../../../../pic32mx/lib\libmchp_peripheral_32MX564F128H.a(int_enable_interrupts_lib.o)
 .debug_abbrev  0x0000169c       0x25 c:/program files (x86)/microchip/mplabc32/v2.02/bin/../lib/gcc/pic32mx/4.5.1/../../../../pic32mx/lib\libmchp_peripheral_32MX564F128H.a(int_disable_interrupts_lib.o)
 .debug_abbrev  0x000016c1       0x25 c:/program files (x86)/microchip/mplabc32/v2.02/bin/../lib/gcc/pic32mx/4.5.1/../../../../pic32mx/lib\libmchp_peripheral_32MX564F128H.a(int_restore_interrupts_lib.o)
 .debug_abbrev  0x000016e6       0x25 c:/program files (x86)/microchip/mplabc32/v2.02/bin/../lib/gcc/pic32mx/4.5.1/../../../../pic32mx/lib\libmchp_peripheral_32MX564F128H.a(int_enable_mv_int_lib.o)
 .debug_abbrev  0x0000170b       0x25 c:/program files (x86)/microchip/mplabc32/v2.02/bin/../lib/gcc/pic32mx/4.5.1/../../../../pic32mx/lib\libmchp_peripheral_32MX564F128H.a(int_tbl_lib.o)
 .debug_abbrev  0x00001730       0x25 c:/program files (x86)/microchip/mplabc32/v2.02/bin/../lib/gcc/pic32mx/4.5.1/../../../../pic32mx/lib\libmchp_peripheral_32MX564F128H.a(nvm_erase_page_lib.o)
 .debug_abbrev  0x00001755       0x34 c:/program files (x86)/microchip/mplabc32/v2.02/bin/../lib/gcc/pic32mx/4.5.1/../../../../pic32mx/lib\libmchp_peripheral_32MX564F128H.a(nvm_operation_lib.o)
 .debug_abbrev  0x00001789       0x25 c:/program files (x86)/microchip/mplabc32/v2.02/bin/../lib/gcc/pic32mx/4.5.1/../../../../pic32mx/lib\libmchp_peripheral_32MX564F128H.a(nvm_write_word_lib.o)

.debug_line     0x00000000     0x1eda
 *(.debug_line)
 .debug_line    0x00000000      0x2b5 Objects\main.o
 .debug_line    0x000002b5      0x2a3 Objects\NVMem.o
 .debug_line    0x00000558      0x179 Objects\usb_descriptors.o
 .debug_line    0x000006d1      0x645 Objects\usb_device.o
 .debug_line    0x00000d16      0x1df Objects\usb_function_hid.o
 .debug_line    0x00000ef5      0x310 Objects\Comunicacion.o
 .debug_line    0x00001205      0x250 Objects\Actualizacion.o
 .debug_line    0x00001455      0x1f2 Objects\Control_TLC5620.o
 .debug_line    0x00001647      0x1fd Objects\Control_TPIC.o
 .debug_line    0x00001844       0xa4 c:/program files (x86)/microchip/mplabc32/v2.02/bin/../lib/gcc/pic32mx/4.5.1/../../../../pic32mx/lib\libc.a(default-general-exception-handler.o)
 .debug_line    0x000018e8       0xa6 c:/program files (x86)/microchip/mplabc32/v2.02/bin/../lib/gcc/pic32mx/4.5.1/../../../../pic32mx/lib\libc.a(default-bootstrap-exception-handler.o)
 .debug_line    0x0000198e       0x93 c:/program files (x86)/microchip/mplabc32/v2.02/bin/../lib/gcc/pic32mx/4.5.1/../../../../pic32mx/lib\libc.a(default-on-reset.o)
 .debug_line    0x00001a21       0x97 c:/program files (x86)/microchip/mplabc32/v2.02/bin/../lib/gcc/pic32mx/4.5.1/../../../../pic32mx/lib\libc.a(default-on-bootstrap.o)
 .debug_line    0x00001ab8       0x62 c:/program files (x86)/microchip/mplabc32/v2.02/bin/../lib/gcc/pic32mx/4.5.1/../../../../pic32mx/lib\libmchp_peripheral_32MX564F128H.a(pcache.o)
 .debug_line    0x00001b1a       0x72 c:/program files (x86)/microchip/mplabc32/v2.02/bin/../lib/gcc/pic32mx/4.5.1/../../../../pic32mx/lib\libmchp_peripheral_32MX564F128H.a(int_enable_interrupts_lib.o)
 .debug_line    0x00001b8c       0x73 c:/program files (x86)/microchip/mplabc32/v2.02/bin/../lib/gcc/pic32mx/4.5.1/../../../../pic32mx/lib\libmchp_peripheral_32MX564F128H.a(int_disable_interrupts_lib.o)
 .debug_line    0x00001bff       0x73 c:/program files (x86)/microchip/mplabc32/v2.02/bin/../lib/gcc/pic32mx/4.5.1/../../../../pic32mx/lib\libmchp_peripheral_32MX564F128H.a(int_restore_interrupts_lib.o)
 .debug_line    0x00001c72       0x6e c:/program files (x86)/microchip/mplabc32/v2.02/bin/../lib/gcc/pic32mx/4.5.1/../../../../pic32mx/lib\libmchp_peripheral_32MX564F128H.a(int_enable_mv_int_lib.o)
 .debug_line    0x00001ce0       0x64 c:/program files (x86)/microchip/mplabc32/v2.02/bin/../lib/gcc/pic32mx/4.5.1/../../../../pic32mx/lib\libmchp_peripheral_32MX564F128H.a(int_tbl_lib.o)
 .debug_line    0x00001d44       0x6b c:/program files (x86)/microchip/mplabc32/v2.02/bin/../lib/gcc/pic32mx/4.5.1/../../../../pic32mx/lib\libmchp_peripheral_32MX564F128H.a(nvm_erase_page_lib.o)
 .debug_line    0x00001daf       0xc0 c:/program files (x86)/microchip/mplabc32/v2.02/bin/../lib/gcc/pic32mx/4.5.1/../../../../pic32mx/lib\libmchp_peripheral_32MX564F128H.a(nvm_operation_lib.o)
 .debug_line    0x00001e6f       0x6b c:/program files (x86)/microchip/mplabc32/v2.02/bin/../lib/gcc/pic32mx/4.5.1/../../../../pic32mx/lib\libmchp_peripheral_32MX564F128H.a(nvm_write_word_lib.o)

.debug_frame    0x00000000      0x6cc
 *(.debug_frame)
 .debug_frame   0x00000000       0xb8 Objects\main.o
 .debug_frame   0x000000b8       0xac Objects\NVMem.o
 .debug_frame   0x00000164      0x130 Objects\usb_device.o
 .debug_frame   0x00000294       0x20 Objects\usb_function_hid.o
 .debug_frame   0x000002b4      0x10c Objects\Comunicacion.o
 .debug_frame   0x000003c0       0x7c Objects\Actualizacion.o
 .debug_frame   0x0000043c       0x20 Objects\Control_TLC5620.o
 .debug_frame   0x0000045c       0x20 Objects\Control_TPIC.o
 .debug_frame   0x0000047c       0x20 c:/program files (x86)/microchip/mplabc32/v2.02/bin/../lib/gcc/pic32mx/4.5.1/../../../../pic32mx/lib\libc.a(default-general-exception-handler.o)
 .debug_frame   0x0000049c       0x20 c:/program files (x86)/microchip/mplabc32/v2.02/bin/../lib/gcc/pic32mx/4.5.1/../../../../pic32mx/lib\libc.a(default-bootstrap-exception-handler.o)
 .debug_frame   0x000004bc       0x20 c:/program files (x86)/microchip/mplabc32/v2.02/bin/../lib/gcc/pic32mx/4.5.1/../../../../pic32mx/lib\libc.a(default-on-reset.o)
 .debug_frame   0x000004dc       0x20 c:/program files (x86)/microchip/mplabc32/v2.02/bin/../lib/gcc/pic32mx/4.5.1/../../../../pic32mx/lib\libc.a(default-on-bootstrap.o)
 .debug_frame   0x000004fc       0x30 c:/program files (x86)/microchip/mplabc32/v2.02/bin/../lib/gcc/pic32mx/4.5.1/../../../../pic32mx/lib\libmchp_peripheral_32MX564F128H.a(pcache.o)
 .debug_frame   0x0000052c       0x20 c:/program files (x86)/microchip/mplabc32/v2.02/bin/../lib/gcc/pic32mx/4.5.1/../../../../pic32mx/lib\libmchp_peripheral_32MX564F128H.a(int_enable_interrupts_lib.o)
 .debug_frame   0x0000054c       0x20 c:/program files (x86)/microchip/mplabc32/v2.02/bin/../lib/gcc/pic32mx/4.5.1/../../../../pic32mx/lib\libmchp_peripheral_32MX564F128H.a(int_disable_interrupts_lib.o)
 .debug_frame   0x0000056c       0x20 c:/program files (x86)/microchip/mplabc32/v2.02/bin/../lib/gcc/pic32mx/4.5.1/../../../../pic32mx/lib\libmchp_peripheral_32MX564F128H.a(int_restore_interrupts_lib.o)
 .debug_frame   0x0000058c       0x28 c:/program files (x86)/microchip/mplabc32/v2.02/bin/../lib/gcc/pic32mx/4.5.1/../../../../pic32mx/lib\libmchp_peripheral_32MX564F128H.a(int_enable_mv_int_lib.o)
 .debug_frame   0x000005b4       0xa0 c:/program files (x86)/microchip/mplabc32/v2.02/bin/../lib/gcc/pic32mx/4.5.1/../../../../pic32mx/lib\libmchp_peripheral_32MX564F128H.a(int_tbl_lib.o)
 .debug_frame   0x00000654       0x28 c:/program files (x86)/microchip/mplabc32/v2.02/bin/../lib/gcc/pic32mx/4.5.1/../../../../pic32mx/lib\libmchp_peripheral_32MX564F128H.a(nvm_erase_page_lib.o)
 .debug_frame   0x0000067c       0x28 c:/program files (x86)/microchip/mplabc32/v2.02/bin/../lib/gcc/pic32mx/4.5.1/../../../../pic32mx/lib\libmchp_peripheral_32MX564F128H.a(nvm_operation_lib.o)
 .debug_frame   0x000006a4       0x28 c:/program files (x86)/microchip/mplabc32/v2.02/bin/../lib/gcc/pic32mx/4.5.1/../../../../pic32mx/lib\libmchp_peripheral_32MX564F128H.a(nvm_write_word_lib.o)

.debug_str      0x00000000      0xda9
 *(.debug_str)
 .debug_str     0x00000000      0x1f1 Objects\main.o
 .debug_str     0x000001f1      0x109 Objects\NVMem.o
 .debug_str     0x000002fa      0x10c Objects\usb_descriptors.o
 .debug_str     0x00000406      0x376 Objects\usb_device.o
 .debug_str     0x0000077c      0x146 Objects\usb_function_hid.o
 .debug_str     0x000008c2      0x1e6 Objects\Comunicacion.o
 .debug_str     0x00000aa8      0x119 Objects\Actualizacion.o
 .debug_str     0x00000bc1       0xf4 Objects\Control_TLC5620.o
 .debug_str     0x00000cb5       0xf4 Objects\Control_TPIC.o
 .debug_str     0x00000da9        0x0 c:/program files (x86)/microchip/mplabc32/v2.02/bin/../lib/gcc/pic32mx/4.5.1/../../../../pic32mx/lib\libc.a(default-general-exception-handler.o)
 .debug_str     0x00000da9        0x0 c:/program files (x86)/microchip/mplabc32/v2.02/bin/../lib/gcc/pic32mx/4.5.1/../../../../pic32mx/lib\libc.a(default-bootstrap-exception-handler.o)
 .debug_str     0x00000da9        0x0 c:/program files (x86)/microchip/mplabc32/v2.02/bin/../lib/gcc/pic32mx/4.5.1/../../../../pic32mx/lib\libc.a(default-on-reset.o)
 .debug_str     0x00000da9        0x0 c:/program files (x86)/microchip/mplabc32/v2.02/bin/../lib/gcc/pic32mx/4.5.1/../../../../pic32mx/lib\libc.a(default-on-bootstrap.o)
 .debug_str     0x00000da9        0x0 c:/program files (x86)/microchip/mplabc32/v2.02/bin/../lib/gcc/pic32mx/4.5.1/../../../../pic32mx/lib\libmchp_peripheral_32MX564F128H.a(pcache.o)
 .debug_str     0x00000da9        0x0 c:/program files (x86)/microchip/mplabc32/v2.02/bin/../lib/gcc/pic32mx/4.5.1/../../../../pic32mx/lib\libmchp_peripheral_32MX564F128H.a(int_enable_interrupts_lib.o)
 .debug_str     0x00000da9        0x0 c:/program files (x86)/microchip/mplabc32/v2.02/bin/../lib/gcc/pic32mx/4.5.1/../../../../pic32mx/lib\libmchp_peripheral_32MX564F128H.a(int_disable_interrupts_lib.o)
 .debug_str     0x00000da9        0x0 c:/program files (x86)/microchip/mplabc32/v2.02/bin/../lib/gcc/pic32mx/4.5.1/../../../../pic32mx/lib\libmchp_peripheral_32MX564F128H.a(int_restore_interrupts_lib.o)
 .debug_str     0x00000da9        0x0 c:/program files (x86)/microchip/mplabc32/v2.02/bin/../lib/gcc/pic32mx/4.5.1/../../../../pic32mx/lib\libmchp_peripheral_32MX564F128H.a(int_enable_mv_int_lib.o)
 .debug_str     0x00000da9        0x0 c:/program files (x86)/microchip/mplabc32/v2.02/bin/../lib/gcc/pic32mx/4.5.1/../../../../pic32mx/lib\libmchp_peripheral_32MX564F128H.a(int_tbl_lib.o)
 .debug_str     0x00000da9        0x0 c:/program files (x86)/microchip/mplabc32/v2.02/bin/../lib/gcc/pic32mx/4.5.1/../../../../pic32mx/lib\libmchp_peripheral_32MX564F128H.a(nvm_erase_page_lib.o)
 .debug_str     0x00000da9        0x0 c:/program files (x86)/microchip/mplabc32/v2.02/bin/../lib/gcc/pic32mx/4.5.1/../../../../pic32mx/lib\libmchp_peripheral_32MX564F128H.a(nvm_operation_lib.o)
 .debug_str     0x00000da9        0x0 c:/program files (x86)/microchip/mplabc32/v2.02/bin/../lib/gcc/pic32mx/4.5.1/../../../../pic32mx/lib\libmchp_peripheral_32MX564F128H.a(nvm_write_word_lib.o)

.debug_loc      0x00000000      0x8a6
 *(.debug_loc)
 .debug_loc     0x00000000      0x129 Objects\main.o
 .debug_loc     0x00000129      0x122 Objects\NVMem.o
 .debug_loc     0x0000024b      0x2d9 Objects\usb_device.o
 .debug_loc     0x00000524       0xeb Objects\Comunicacion.o
 .debug_loc     0x0000060f      0x13d Objects\Actualizacion.o
 .debug_loc     0x0000074c       0xd0 Objects\Control_TLC5620.o
 .debug_loc     0x0000081c       0x8a Objects\Control_TPIC.o

.debug_macinfo
 *(.debug_macinfo)

.debug_weaknames
 *(.debug_weaknames)

.debug_funcnames
 *(.debug_funcnames)

.debug_typenames
 *(.debug_typenames)

.debug_varnames
 *(.debug_varnames)

.debug_pubtypes
                0x00000000      0xb63
 *(.debug_pubtypes)
 .debug_pubtypes
                0x00000000      0x176 Objects\main.o
 .debug_pubtypes
                0x00000176       0xd3 Objects\NVMem.o
 .debug_pubtypes
                0x00000249      0x104 Objects\usb_descriptors.o
 .debug_pubtypes
                0x0000034d      0x285 Objects\usb_device.o
 .debug_pubtypes
                0x000005d2      0x108 Objects\usb_function_hid.o
 .debug_pubtypes
                0x000006da      0x186 Objects\Comunicacion.o
 .debug_pubtypes
                0x00000860      0x117 Objects\Actualizacion.o
 .debug_pubtypes
                0x00000977       0xdf Objects\Control_TLC5620.o
 .debug_pubtypes
                0x00000a56      0x10d Objects\Control_TPIC.o

.debug_ranges   0x00000000      0x238
 *(.debug_ranges)
 .debug_ranges  0x00000000       0xa8 Objects\main.o
 .debug_ranges  0x000000a8       0x78 Objects\usb_device.o
 .debug_ranges  0x00000120       0x10 c:/program files (x86)/microchip/mplabc32/v2.02/bin/../lib/gcc/pic32mx/4.5.1/../../../../pic32mx/lib\libc.a(default-general-exception-handler.o)
 .debug_ranges  0x00000130       0x10 c:/program files (x86)/microchip/mplabc32/v2.02/bin/../lib/gcc/pic32mx/4.5.1/../../../../pic32mx/lib\libc.a(default-bootstrap-exception-handler.o)
 .debug_ranges  0x00000140       0x10 c:/program files (x86)/microchip/mplabc32/v2.02/bin/../lib/gcc/pic32mx/4.5.1/../../../../pic32mx/lib\libc.a(default-on-reset.o)
 .debug_ranges  0x00000150       0x10 c:/program files (x86)/microchip/mplabc32/v2.02/bin/../lib/gcc/pic32mx/4.5.1/../../../../pic32mx/lib\libc.a(default-on-bootstrap.o)
 .debug_ranges  0x00000160       0x18 c:/program files (x86)/microchip/mplabc32/v2.02/bin/../lib/gcc/pic32mx/4.5.1/../../../../pic32mx/lib\libmchp_peripheral_32MX564F128H.a(pcache.o)
 .debug_ranges  0x00000178       0x10 c:/program files (x86)/microchip/mplabc32/v2.02/bin/../lib/gcc/pic32mx/4.5.1/../../../../pic32mx/lib\libmchp_peripheral_32MX564F128H.a(int_enable_interrupts_lib.o)
 .debug_ranges  0x00000188       0x10 c:/program files (x86)/microchip/mplabc32/v2.02/bin/../lib/gcc/pic32mx/4.5.1/../../../../pic32mx/lib\libmchp_peripheral_32MX564F128H.a(int_disable_interrupts_lib.o)
 .debug_ranges  0x00000198       0x10 c:/program files (x86)/microchip/mplabc32/v2.02/bin/../lib/gcc/pic32mx/4.5.1/../../../../pic32mx/lib\libmchp_peripheral_32MX564F128H.a(int_restore_interrupts_lib.o)
 .debug_ranges  0x000001a8       0x10 c:/program files (x86)/microchip/mplabc32/v2.02/bin/../lib/gcc/pic32mx/4.5.1/../../../../pic32mx/lib\libmchp_peripheral_32MX564F128H.a(int_enable_mv_int_lib.o)
 .debug_ranges  0x000001b8       0x50 c:/program files (x86)/microchip/mplabc32/v2.02/bin/../lib/gcc/pic32mx/4.5.1/../../../../pic32mx/lib\libmchp_peripheral_32MX564F128H.a(int_tbl_lib.o)
 .debug_ranges  0x00000208       0x10 c:/program files (x86)/microchip/mplabc32/v2.02/bin/../lib/gcc/pic32mx/4.5.1/../../../../pic32mx/lib\libmchp_peripheral_32MX564F128H.a(nvm_erase_page_lib.o)
 .debug_ranges  0x00000218       0x10 c:/program files (x86)/microchip/mplabc32/v2.02/bin/../lib/gcc/pic32mx/4.5.1/../../../../pic32mx/lib\libmchp_peripheral_32MX564F128H.a(nvm_operation_lib.o)
 .debug_ranges  0x00000228       0x10 c:/program files (x86)/microchip/mplabc32/v2.02/bin/../lib/gcc/pic32mx/4.5.1/../../../../pic32mx/lib\libmchp_peripheral_32MX564F128H.a(nvm_write_word_lib.o)

.gnu.attributes
                0x00000000       0x10
 *(.gnu.attributes)
 .gnu.attributes
                0x00000000       0x10 c:/program files (x86)/microchip/mplabc32/v2.02/bin/../lib/gcc/pic32mx/4.5.1/../../../../pic32mx/lib\libc.a(default-general-exception-handler.o)
 .gnu.attributes
                0x00000010       0x10 c:/program files (x86)/microchip/mplabc32/v2.02/bin/../lib/gcc/pic32mx/4.5.1/../../../../pic32mx/lib\libc.a(default-bootstrap-exception-handler.o)
 .gnu.attributes
                0x00000020       0x10 c:/program files (x86)/microchip/mplabc32/v2.02/bin/../lib/gcc/pic32mx/4.5.1/../../../../pic32mx/lib\libc.a(default-on-reset.o)
 .gnu.attributes
                0x00000030       0x10 c:/program files (x86)/microchip/mplabc32/v2.02/bin/../lib/gcc/pic32mx/4.5.1/../../../../pic32mx/lib\libc.a(default-on-bootstrap.o)
 .gnu.attributes
                0x00000040       0x10 c:/program files (x86)/microchip/mplabc32/v2.02/bin/../lib/gcc/pic32mx/4.5.1/../../../../pic32mx/lib\libmchp_peripheral_32MX564F128H.a(pcache.o)
 .gnu.attributes
                0x00000050       0x10 c:/program files (x86)/microchip/mplabc32/v2.02/bin/../lib/gcc/pic32mx/4.5.1/../../../../pic32mx/lib\libmchp_peripheral_32MX564F128H.a(int_enable_interrupts_lib.o)
 .gnu.attributes
                0x00000060       0x10 c:/program files (x86)/microchip/mplabc32/v2.02/bin/../lib/gcc/pic32mx/4.5.1/../../../../pic32mx/lib\libmchp_peripheral_32MX564F128H.a(int_disable_interrupts_lib.o)
 .gnu.attributes
                0x00000070       0x10 c:/program files (x86)/microchip/mplabc32/v2.02/bin/../lib/gcc/pic32mx/4.5.1/../../../../pic32mx/lib\libmchp_peripheral_32MX564F128H.a(int_restore_interrupts_lib.o)
 .gnu.attributes
                0x00000080       0x10 c:/program files (x86)/microchip/mplabc32/v2.02/bin/../lib/gcc/pic32mx/4.5.1/../../../../pic32mx/lib\libmchp_peripheral_32MX564F128H.a(int_enable_mv_int_lib.o)
 .gnu.attributes
                0x00000090       0x10 c:/program files (x86)/microchip/mplabc32/v2.02/bin/../lib/gcc/pic32mx/4.5.1/../../../../pic32mx/lib\libmchp_peripheral_32MX564F128H.a(int_tbl_lib.o)
 .gnu.attributes
                0x000000a0       0x10 c:/program files (x86)/microchip/mplabc32/v2.02/bin/../lib/gcc/pic32mx/4.5.1/../../../../pic32mx/lib\libmchp_peripheral_32MX564F128H.a(nvm_erase_page_lib.o)
 .gnu.attributes
                0x000000b0       0x10 c:/program files (x86)/microchip/mplabc32/v2.02/bin/../lib/gcc/pic32mx/4.5.1/../../../../pic32mx/lib\libmchp_peripheral_32MX564F128H.a(nvm_operation_lib.o)
 .gnu.attributes
                0x000000c0       0x10 c:/program files (x86)/microchip/mplabc32/v2.02/bin/../lib/gcc/pic32mx/4.5.1/../../../../pic32mx/lib\libmchp_peripheral_32MX564F128H.a(nvm_write_word_lib.o)
                0x00000001                __MPLAB_BUILD = 0x1
LOAD c:/program files (x86)/microchip/mplabc32/v2.02/bin/../lib/gcc/pic32mx/4.5.1\libgcc.a
START GROUP
LOAD c:/program files (x86)/microchip/mplabc32/v2.02/bin/../lib/gcc/pic32mx/4.5.1/../../../../pic32mx/lib\libdebug.a
LOAD c:/program files (x86)/microchip/mplabc32/v2.02/bin/../lib/gcc/pic32mx/4.5.1/../../../../pic32mx/lib\libc.a
LOAD c:/program files (x86)/microchip/mplabc32/v2.02/bin/../lib/gcc/pic32mx/4.5.1/../../../../pic32mx/lib\libm.a
LOAD c:/program files (x86)/microchip/mplabc32/v2.02/bin/../lib/gcc/pic32mx/4.5.1/../../../../pic32mx/lib\libe.a
LOAD c:/program files (x86)/microchip/mplabc32/v2.02/bin/../lib/gcc/pic32mx/4.5.1/../../../../pic32mx/lib\libdsp.a
LOAD c:/program files (x86)/microchip/mplabc32/v2.02/bin/../lib/gcc/pic32mx/4.5.1/../../../../pic32mx/lib\libmchp_peripheral.a
LOAD c:/program files (x86)/microchip/mplabc32/v2.02/bin/../lib/gcc/pic32mx/4.5.1/../../../../pic32mx/lib\libmchp_peripheral_32MX564F128H.a
END GROUP
LOAD c:/program files (x86)/microchip/mplabc32/v2.02/bin/../lib/gcc/pic32mx/4.5.1\libgcc.a
OUTPUT(.\Objects\Bootloader_Mesotreat.elf elf32-tradlittlemips)
LOAD stack
LOAD data_init

.reginfo        0x9d000000       0x18
 .reginfo       0x9d000000       0x18 c:/program files (x86)/microchip/mplabc32/v2.02/bin/../lib/gcc/pic32mx/4.5.1/../../../../pic32mx/lib/crt0.o

.stack          0xa0000550      0x400
 .stack         0xa0000550      0x400 stack

.bss            0xa00000b0       0x1c
 .bss           0xa00000b0       0x1c Objects\Actualizacion.o

.bss%z1         0x00000000        0x0
 .bss           0x00000000        0x0 c:/program files (x86)/microchip/mplabc32/v2.02/bin/../lib/gcc/pic32mx/4.5.1/../../../../pic32mx/lib\libmchp_peripheral_32MX564F128H.a(nvm_write_word_lib.o)

.data%z2        0x00000000        0x0
 .data          0x00000000        0x0 c:/program files (x86)/microchip/mplabc32/v2.02/bin/../lib/gcc/pic32mx/4.5.1/../../../../pic32mx/lib\libmchp_peripheral_32MX564F128H.a(nvm_write_word_lib.o)

.bss%z3         0x00000000        0x0
 .bss           0x00000000        0x0 c:/program files (x86)/microchip/mplabc32/v2.02/bin/../lib/gcc/pic32mx/4.5.1/../../../../pic32mx/lib\libmchp_peripheral_32MX564F128H.a(nvm_operation_lib.o)

.data%z4        0x00000000        0x0
 .data          0x00000000        0x0 c:/program files (x86)/microchip/mplabc32/v2.02/bin/../lib/gcc/pic32mx/4.5.1/../../../../pic32mx/lib\libmchp_peripheral_32MX564F128H.a(nvm_operation_lib.o)

.bss%z5         0x00000000        0x0
 .bss           0x00000000        0x0 c:/program files (x86)/microchip/mplabc32/v2.02/bin/../lib/gcc/pic32mx/4.5.1/../../../../pic32mx/lib\libmchp_peripheral_32MX564F128H.a(nvm_erase_page_lib.o)

.data%z6        0x00000000        0x0
 .data          0x00000000        0x0 c:/program files (x86)/microchip/mplabc32/v2.02/bin/../lib/gcc/pic32mx/4.5.1/../../../../pic32mx/lib\libmchp_peripheral_32MX564F128H.a(nvm_erase_page_lib.o)

.bss%z7         0x00000000        0x0
 .bss           0x00000000        0x0 c:/program files (x86)/microchip/mplabc32/v2.02/bin/../lib/gcc/pic32mx/4.5.1/../../../../pic32mx/lib\libmchp_peripheral_32MX564F128H.a(int_tbl_lib.o)

.data%z8        0x00000000        0x0
 .data          0x00000000        0x0 c:/program files (x86)/microchip/mplabc32/v2.02/bin/../lib/gcc/pic32mx/4.5.1/../../../../pic32mx/lib\libmchp_peripheral_32MX564F128H.a(int_tbl_lib.o)

.bss%z9         0x00000000        0x0
 .bss           0x00000000        0x0 c:/program files (x86)/microchip/mplabc32/v2.02/bin/../lib/gcc/pic32mx/4.5.1/../../../../pic32mx/lib\libmchp_peripheral_32MX564F128H.a(int_enable_mv_int_lib.o)

.data%z10       0x00000000        0x0
 .data          0x00000000        0x0 c:/program files (x86)/microchip/mplabc32/v2.02/bin/../lib/gcc/pic32mx/4.5.1/../../../../pic32mx/lib\libmchp_peripheral_32MX564F128H.a(int_enable_mv_int_lib.o)

.bss%z11        0x00000000        0x0
 .bss           0x00000000        0x0 c:/program files (x86)/microchip/mplabc32/v2.02/bin/../lib/gcc/pic32mx/4.5.1/../../../../pic32mx/lib\libmchp_peripheral_32MX564F128H.a(int_restore_interrupts_lib.o)

.data%z12       0x00000000        0x0
 .data          0x00000000        0x0 c:/program files (x86)/microchip/mplabc32/v2.02/bin/../lib/gcc/pic32mx/4.5.1/../../../../pic32mx/lib\libmchp_peripheral_32MX564F128H.a(int_restore_interrupts_lib.o)

.bss%z13        0x00000000        0x0
 .bss           0x00000000        0x0 c:/program files (x86)/microchip/mplabc32/v2.02/bin/../lib/gcc/pic32mx/4.5.1/../../../../pic32mx/lib\libmchp_peripheral_32MX564F128H.a(int_disable_interrupts_lib.o)

.data%z14       0x00000000        0x0
 .data          0x00000000        0x0 c:/program files (x86)/microchip/mplabc32/v2.02/bin/../lib/gcc/pic32mx/4.5.1/../../../../pic32mx/lib\libmchp_peripheral_32MX564F128H.a(int_disable_interrupts_lib.o)

.bss%z15        0x00000000        0x0
 .bss           0x00000000        0x0 c:/program files (x86)/microchip/mplabc32/v2.02/bin/../lib/gcc/pic32mx/4.5.1/../../../../pic32mx/lib\libmchp_peripheral_32MX564F128H.a(int_enable_interrupts_lib.o)

.data%z16       0x00000000        0x0
 .data          0x00000000        0x0 c:/program files (x86)/microchip/mplabc32/v2.02/bin/../lib/gcc/pic32mx/4.5.1/../../../../pic32mx/lib\libmchp_peripheral_32MX564F128H.a(int_enable_interrupts_lib.o)

.bss%z17        0x00000000        0x0
 .bss           0x00000000        0x0 c:/program files (x86)/microchip/mplabc32/v2.02/bin/../lib/gcc/pic32mx/4.5.1/../../../../pic32mx/lib\libmchp_peripheral_32MX564F128H.a(pcache.o)

.data%z18       0x00000000        0x0
 .data          0x00000000        0x0 c:/program files (x86)/microchip/mplabc32/v2.02/bin/../lib/gcc/pic32mx/4.5.1/../../../../pic32mx/lib\libmchp_peripheral_32MX564F128H.a(pcache.o)

.bss%z19        0x00000000        0x0
 .bss           0x00000000        0x0 c:/program files (x86)/microchip/mplabc32/v2.02/bin/../lib/gcc/pic32mx/4.5.1/../../../../pic32mx/lib\libc.a(default-nmi-handler.o)

.data%z20       0x00000000        0x0
 .data          0x00000000        0x0 c:/program files (x86)/microchip/mplabc32/v2.02/bin/../lib/gcc/pic32mx/4.5.1/../../../../pic32mx/lib\libc.a(default-nmi-handler.o)

.bss%z21        0x00000000        0x0
 .bss           0x00000000        0x0 c:/program files (x86)/microchip/mplabc32/v2.02/bin/../lib/gcc/pic32mx/4.5.1/../../../../pic32mx/lib\libc.a(default-on-bootstrap.o)

.data%z22       0x00000000        0x0
 .data          0x00000000        0x0 c:/program files (x86)/microchip/mplabc32/v2.02/bin/../lib/gcc/pic32mx/4.5.1/../../../../pic32mx/lib\libc.a(default-on-bootstrap.o)

.bss%z23        0x00000000        0x0
 .bss           0x00000000        0x0 c:/program files (x86)/microchip/mplabc32/v2.02/bin/../lib/gcc/pic32mx/4.5.1/../../../../pic32mx/lib\libc.a(default-on-reset.o)

.data%z24       0x00000000        0x0
 .data          0x00000000        0x0 c:/program files (x86)/microchip/mplabc32/v2.02/bin/../lib/gcc/pic32mx/4.5.1/../../../../pic32mx/lib\libc.a(default-on-reset.o)

.bss%z25        0x00000000        0x0
 .bss           0x00000000        0x0 c:/program files (x86)/microchip/mplabc32/v2.02/bin/../lib/gcc/pic32mx/4.5.1/../../../../pic32mx/lib\libc.a(default-bootstrap-exception-handler.o)

.data%z26       0x00000000        0x0
 .data          0x00000000        0x0 c:/program files (x86)/microchip/mplabc32/v2.02/bin/../lib/gcc/pic32mx/4.5.1/../../../../pic32mx/lib\libc.a(default-bootstrap-exception-handler.o)

.bss%z27        0x00000000        0x0
 .bss           0x00000000        0x0 c:/program files (x86)/microchip/mplabc32/v2.02/bin/../lib/gcc/pic32mx/4.5.1/../../../../pic32mx/lib\libc.a(default-general-exception-handler.o)

.data%z28       0x00000000        0x0
 .data          0x00000000        0x0 c:/program files (x86)/microchip/mplabc32/v2.02/bin/../lib/gcc/pic32mx/4.5.1/../../../../pic32mx/lib\libc.a(default-general-exception-handler.o)

.bss%z29        0x00000000        0x0
 .bss           0x00000000        0x0 c:/program files (x86)/microchip/mplabc32/v2.02/bin/../lib/gcc/pic32mx/4.5.1/../../../../pic32mx/lib\libc.a(general-exception.o)

.data%z30       0x00000000        0x0
 .data          0x00000000        0x0 c:/program files (x86)/microchip/mplabc32/v2.02/bin/../lib/gcc/pic32mx/4.5.1/../../../../pic32mx/lib\libc.a(general-exception.o)

.bss%z31        0x00000000        0x0
 .bss           0x00000000        0x0 c:/program files (x86)/microchip/mplabc32/v2.02/bin/../lib/gcc/pic32mx/4.5.1/../../../../pic32mx/lib\libc.a(memset.o)

.data%z32       0x00000000        0x0
 .data          0x00000000        0x0 c:/program files (x86)/microchip/mplabc32/v2.02/bin/../lib/gcc/pic32mx/4.5.1/../../../../pic32mx/lib\libc.a(memset.o)

.bss%z33        0x00000000        0x0
 .bss           0x00000000        0x0 c:/program files (x86)/microchip/mplabc32/v2.02/bin/../lib/gcc/pic32mx/4.5.1/../../../../pic32mx/lib\libc.a(memcpy.o)

.data%z34       0x00000000        0x0
 .data          0x00000000        0x0 c:/program files (x86)/microchip/mplabc32/v2.02/bin/../lib/gcc/pic32mx/4.5.1/../../../../pic32mx/lib\libc.a(memcpy.o)

.bss%z35        0x00000000        0x0
 .bss           0x00000000        0x0 c:/program files (x86)/microchip/mplabc32/v2.02/bin/../lib/gcc/pic32mx/4.5.1/../../../../pic32mx/lib/./proc/32MX564F128H\processor.o

.data%z36       0x00000000        0x0
 .data          0x00000000        0x0 c:/program files (x86)/microchip/mplabc32/v2.02/bin/../lib/gcc/pic32mx/4.5.1/../../../../pic32mx/lib/./proc/32MX564F128H\processor.o

.bss%z37        0x00000000        0x0
 .bss           0x00000000        0x0 Objects\Control_TPIC.o

.data%z38       0x00000000        0x0
 .data          0x00000000        0x0 Objects\Control_TPIC.o

.bss%z39        0x00000000        0x0
 .bss           0x00000000        0x0 Objects\Control_TLC5620.o

.data%z40       0x00000000        0x0
 .data          0x00000000        0x0 Objects\Control_TLC5620.o

.data%z41       0x00000000        0x0
 .data          0x00000000        0x0 Objects\Actualizacion.o

.bss%z42        0x00000000        0x0
 .bss           0x00000000        0x0 Objects\Comunicacion.o

.data%z43       0x00000000        0x0
 .data          0x00000000        0x0 Objects\Comunicacion.o

.bss%z44        0x00000000        0x0
 .bss           0x00000000        0x0 Objects\usb_function_hid.o

.data%z45       0x00000000        0x0
 .data          0x00000000        0x0 Objects\usb_function_hid.o

.bss%z46        0x00000000        0x0
 .bss           0x00000000        0x0 Objects\usb_device.o

.data%z47       0x00000000        0x0
 .data          0x00000000        0x0 Objects\usb_device.o

.bss%z48        0x00000000        0x0
 .bss           0x00000000        0x0 Objects\usb_descriptors.o

.data%z49       0x00000000        0x0
 .data          0x00000000        0x0 Objects\usb_descriptors.o

.bss%z50        0x00000000        0x0
 .bss           0x00000000        0x0 Objects\NVMem.o

.data%z51       0x00000000        0x0
 .data          0x00000000        0x0 Objects\NVMem.o

.bss%z52        0x00000000        0x0
 .bss           0x00000000        0x0 Objects\main.o

.data%z53       0x00000000        0x0
 .data          0x00000000        0x0 Objects\main.o

.bss%z54        0x00000000        0x0
 .bss           0x00000000        0x0 c:/program files (x86)/microchip/mplabc32/v2.02/bin/../lib/gcc/pic32mx/4.5.1/../../../../pic32mx/lib/crt0.o

.data%z55       0x00000000        0x0
 .data          0x00000000        0x0 c:/program files (x86)/microchip/mplabc32/v2.02/bin/../lib/gcc/pic32mx/4.5.1/../../../../pic32mx/lib/crt0.o

.text           0x9d000020     0x2b9c
 .text          0x9d000020     0x2248 Objects\usb_device.o
                0x9d0001c4                USBDeviceInit
                0x9d0003b0                USBEnableEndpoint
                0x9d000438                USBTransferOnePacket
                0x9d000550                USBStallEndpoint
                0x9d000654                USBCancelIO
                0x9d000810                USBDeviceDetach
                0x9d00082c                USBDeviceAttach
                0x9d00090c                USBCtrlEPAllowStatusStage
                0x9d000a60                USBCtrlEPAllowDataStage
                0x9d000b94                _USB1Interrupt
 .text          0x9d002268      0x954 Objects\Comunicacion.o
                0x9d002268                Calc_Check
                0x9d0022b4                Analizar_Trama
                0x9d002338                Limpia_Buffer
                0x9d002390                ProcessIO
                0x9d002a30                USBCBSuspend
                0x9d002a38                USBCBWakeFromSuspend
                0x9d002a40                USBCB_SOF_Handler
                0x9d002a48                USBCBErrorHandler
                0x9d002a50                USBCBCheckOtherReq
                0x9d002a74                USBCBStdSetDscHandler
                0x9d002a7c                USBCBInitEP
                0x9d002ac8                USBCBSendResume
                0x9d002b64                USER_USB_CALLBACK_EVENT_HANDLER

.rodata         0x9d002bbc      0x7d4
 .rodata        0x9d002bbc      0x7d4 c:/program files (x86)/microchip/mplabc32/v2.02/bin/../lib/gcc/pic32mx/4.5.1/../../../../pic32mx/lib\libmchp_peripheral_32MX564F128H.a(int_tbl_lib.o)
                0x9d002bbc                __IntSrcTbl
                0x9d0030d8                __IntVectorTbl

.text           0x9d003390     0x1104
 .text          0x9d003390      0x67c Objects\main.o
                0x9d003390                Config_System
                0x9d003544                Config_Ports
                0x9d00379c                Init_Regs
                0x9d0037dc                Config_Timer1
                0x9d003854                main
                0x9d003918                Stop_Timer1
                0x9d00394c                Timer1Handler
 .text          0x9d003a0c      0x398 Objects\Actualizacion.o
                0x9d003a0c                ConvertAsciiToHex
                0x9d003a94                WriteHexRecord2Flash
                0x9d003d14                EraseFlash
                0x9d003d80                JumpToApp
 .text          0x9d003da4      0x260 Objects\NVMem.o
                0x9d003da4                DelayUs
                0x9d003dd8                DelayMs
                0x9d003e08                NVMemOperation
                0x9d003f3c                NVMemErasePage
                0x9d003f6c                NVMemWriteWord
                0x9d003fa4                NVMemWriteRow
                0x9d003fe0                NVMemClearError
 .text          0x9d004004      0x19c Objects\Control_TLC5620.o
                0x9d004004                Carga_TLC5620
 .text          0x9d0041a0      0x18c Objects\usb_function_hid.o
                0x9d0041a0                USBCheckHIDRequest
 .text          0x9d00432c      0x168 c:/program files (x86)/microchip/mplabc32/v2.02/bin/../lib/gcc/pic32mx/4.5.1/../../../../pic32mx/lib\libc.a(memcpy.o)
                0x9d00432c                memcpy

.text._NVMOperation
                0x9d004494      0x114
 .text._NVMOperation
                0x9d004494      0x114 c:/program files (x86)/microchip/mplabc32/v2.02/bin/../lib/gcc/pic32mx/4.5.1/../../../../pic32mx/lib\libmchp_peripheral_32MX564F128H.a(nvm_operation_lib.o)
                0x9d004494                _NVMOperation

.text           0x9d0045a8       0xfc
 .text          0x9d0045a8       0xfc Objects\Control_TPIC.o
                0x9d0045a8                Control_TPIC

.text.general_exception
                0x9d0046a4       0xd0
 .text.general_exception
                0x9d0046a4       0xd0 c:/program files (x86)/microchip/mplabc32/v2.02/bin/../lib/gcc/pic32mx/4.5.1/../../../../pic32mx/lib\libc.a(general-exception.o)
                0x9d0046a4                _general_exception_context

.rodata         0x9d004774       0xb0
 .rodata        0x9d004774       0xb0 Objects\usb_descriptors.o
                0x9d004774                device_dsc
                0x9d004788                configDescriptor1
                0x9d0047b4                sd000
                0x9d0047b8                sd001
                0x9d0047e4                sd002
                0x9d0047f8                hid_rpt01
                0x9d004814                USB_CD_Ptr
                0x9d004818                USB_SD_Ptr

.text           0x9d004824       0xa8
 .text          0x9d004824       0xa8 c:/program files (x86)/microchip/mplabc32/v2.02/bin/../lib/gcc/pic32mx/4.5.1/../../../../pic32mx/lib\libc.a(memset.o)
                0x9d004824                memset

.dinit          0x9d0048cc       0x5c
 .dinit         0x9d0048cc       0x5c data_init

.text.INTEnable
                0x9d004928       0x58
 .text.INTEnable
                0x9d004928       0x58 c:/program files (x86)/microchip/mplabc32/v2.02/bin/../lib/gcc/pic32mx/4.5.1/../../../../pic32mx/lib\libmchp_peripheral_32MX564F128H.a(int_tbl_lib.o)
                0x9d004928                INTEnable

.text.INTSetVectorPriority
                0x9d004980       0x3c
 .text.INTSetVectorPriority
                0x9d004980       0x3c c:/program files (x86)/microchip/mplabc32/v2.02/bin/../lib/gcc/pic32mx/4.5.1/../../../../pic32mx/lib\libmchp_peripheral_32MX564F128H.a(int_tbl_lib.o)
                0x9d004980                INTSetVectorPriority

.text.INTSetVectorSubPriority
                0x9d0049bc       0x3c
 .text.INTSetVectorSubPriority
                0x9d0049bc       0x3c c:/program files (x86)/microchip/mplabc32/v2.02/bin/../lib/gcc/pic32mx/4.5.1/../../../../pic32mx/lib\libmchp_peripheral_32MX564F128H.a(int_tbl_lib.o)
                0x9d0049bc                INTSetVectorSubPriority

.text.INTEnableSystemMultiVectoredInt
                0x9d0049f8       0x34
 .text.INTEnableSystemMultiVectoredInt
                0x9d0049f8       0x34 c:/program files (x86)/microchip/mplabc32/v2.02/bin/../lib/gcc/pic32mx/4.5.1/../../../../pic32mx/lib\libmchp_peripheral_32MX564F128H.a(int_enable_mv_int_lib.o)
                0x9d0049f8                INTEnableSystemMultiVectoredInt

.text.NVMWriteWord
                0x9d004a2c       0x34
 .text.NVMWriteWord
                0x9d004a2c       0x34 c:/program files (x86)/microchip/mplabc32/v2.02/bin/../lib/gcc/pic32mx/4.5.1/../../../../pic32mx/lib\libmchp_peripheral_32MX564F128H.a(nvm_write_word_lib.o)
                0x9d004a2c                NVMWriteWord

.text.INTGetVectorPriority
                0x9d004a60       0x30
 .text.INTGetVectorPriority
                0x9d004a60       0x30 c:/program files (x86)/microchip/mplabc32/v2.02/bin/../lib/gcc/pic32mx/4.5.1/../../../../pic32mx/lib\libmchp_peripheral_32MX564F128H.a(int_tbl_lib.o)
                0x9d004a60                INTGetVectorPriority

.text.INTGetVectorSubPriority
                0x9d004a90       0x30
 .text.INTGetVectorSubPriority
                0x9d004a90       0x30 c:/program files (x86)/microchip/mplabc32/v2.02/bin/../lib/gcc/pic32mx/4.5.1/../../../../pic32mx/lib\libmchp_peripheral_32MX564F128H.a(int_tbl_lib.o)
                0x9d004a90                INTGetVectorSubPriority

.text.INTClearFlag
                0x9d004ac0       0x2c
 .text.INTClearFlag
                0x9d004ac0       0x2c c:/program files (x86)/microchip/mplabc32/v2.02/bin/../lib/gcc/pic32mx/4.5.1/../../../../pic32mx/lib\libmchp_peripheral_32MX564F128H.a(int_tbl_lib.o)
                0x9d004ac0                INTClearFlag

.text.INTSetFlag
                0x9d004aec       0x2c
 .text.INTSetFlag
                0x9d004aec       0x2c c:/program files (x86)/microchip/mplabc32/v2.02/bin/../lib/gcc/pic32mx/4.5.1/../../../../pic32mx/lib\libmchp_peripheral_32MX564F128H.a(int_tbl_lib.o)
                0x9d004aec                INTSetFlag

.text.INTGetFlag
                0x9d004b18       0x2c
 .text.INTGetFlag
                0x9d004b18       0x2c c:/program files (x86)/microchip/mplabc32/v2.02/bin/../lib/gcc/pic32mx/4.5.1/../../../../pic32mx/lib\libmchp_peripheral_32MX564F128H.a(int_tbl_lib.o)
                0x9d004b18                INTGetFlag

.text.INTGetEnable
                0x9d004b44       0x2c
 .text.INTGetEnable
                0x9d004b44       0x2c c:/program files (x86)/microchip/mplabc32/v2.02/bin/../lib/gcc/pic32mx/4.5.1/../../../../pic32mx/lib\libmchp_peripheral_32MX564F128H.a(int_tbl_lib.o)
                0x9d004b44                INTGetEnable

.text.NVMErasePage
                0x9d004b70       0x2c
 .text.NVMErasePage
                0x9d004b70       0x2c c:/program files (x86)/microchip/mplabc32/v2.02/bin/../lib/gcc/pic32mx/4.5.1/../../../../pic32mx/lib\libmchp_peripheral_32MX564F128H.a(nvm_erase_page_lib.o)
                0x9d004b70                NVMErasePage

.text.INTRestoreInterrupts
                0x9d004b9c       0x1c
 .text.INTRestoreInterrupts
                0x9d004b9c       0x1c c:/program files (x86)/microchip/mplabc32/v2.02/bin/../lib/gcc/pic32mx/4.5.1/../../../../pic32mx/lib\libmchp_peripheral_32MX564F128H.a(int_restore_interrupts_lib.o)
                0x9d004b9c                INTRestoreInterrupts

.text           0x9d004bb8       0x18
 .text          0x9d004bb8       0x18 c:/program files (x86)/microchip/mplabc32/v2.02/bin/../lib/gcc/pic32mx/4.5.1/../../../../pic32mx/lib\libc.a(default-nmi-handler.o)
                0x9d004bb8                _nmi_handler

.text.CheKseg0CacheOff
                0x9d004bd0       0x18
 .text.CheKseg0CacheOff
                0x9d004bd0       0x18 c:/program files (x86)/microchip/mplabc32/v2.02/bin/../lib/gcc/pic32mx/4.5.1/../../../../pic32mx/lib\libmchp_peripheral_32MX564F128H.a(pcache.o)
                0x9d004bd0                CheKseg0CacheOff

.text.CheKseg0CacheOn
                0x9d004be8       0x18
 .text.CheKseg0CacheOn
                0x9d004be8       0x18 c:/program files (x86)/microchip/mplabc32/v2.02/bin/../lib/gcc/pic32mx/4.5.1/../../../../pic32mx/lib\libmchp_peripheral_32MX564F128H.a(pcache.o)
                0x9d004be8                CheKseg0CacheOn

.text           0x9d004c00       0x10
 .text          0x9d004c00       0x10 c:/program files (x86)/microchip/mplabc32/v2.02/bin/../lib/gcc/pic32mx/4.5.1/../../../../pic32mx/lib/crt0.o
                0x9d004c08                __crt0_exit

.text._general_exception_handler
                0x9d004c10        0xc
 .text._general_exception_handler
                0x9d004c10        0xc c:/program files (x86)/microchip/mplabc32/v2.02/bin/../lib/gcc/pic32mx/4.5.1/../../../../pic32mx/lib\libc.a(default-general-exception-handler.o)
                0x9d004c10                _general_exception_handler

.text._bootstrap_exception_handler
                0x9d004c1c        0xc
 .text._bootstrap_exception_handler
                0x9d004c1c        0xc c:/program files (x86)/microchip/mplabc32/v2.02/bin/../lib/gcc/pic32mx/4.5.1/../../../../pic32mx/lib\libc.a(default-bootstrap-exception-handler.o)
                0x9d004c1c                _bootstrap_exception_handler

.rodata         0x9d004c28        0x8
 .rodata        0x9d004c28        0x8 Objects\Comunicacion.o
                0x9d004c28                Version_Soft

.text._on_reset
                0x9d004c30        0x8
 .text._on_reset
                0x9d004c30        0x8 c:/program files (x86)/microchip/mplabc32/v2.02/bin/../lib/gcc/pic32mx/4.5.1/../../../../pic32mx/lib\libc.a(default-on-reset.o)
                0x9d004c30                _on_reset

.text._on_bootstrap
                0x9d004c38        0x8
 .text._on_bootstrap
                0x9d004c38        0x8 c:/program files (x86)/microchip/mplabc32/v2.02/bin/../lib/gcc/pic32mx/4.5.1/../../../../pic32mx/lib\libc.a(default-on-bootstrap.o)
                0x9d004c38                _on_bootstrap

.text.INTEnableInterrupts
                0x9d004c40        0x8
 .text.INTEnableInterrupts
                0x9d004c40        0x8 c:/program files (x86)/microchip/mplabc32/v2.02/bin/../lib/gcc/pic32mx/4.5.1/../../../../pic32mx/lib\libmchp_peripheral_32MX564F128H.a(int_enable_interrupts_lib.o)
                0x9d004c40                INTEnableInterrupts

.text.INTDisableInterrupts
                0x9d004c48        0x8
 .text.INTDisableInterrupts
                0x9d004c48        0x8 c:/program files (x86)/microchip/mplabc32/v2.02/bin/../lib/gcc/pic32mx/4.5.1/../../../../pic32mx/lib\libmchp_peripheral_32MX564F128H.a(int_disable_interrupts_lib.o)
                0x9d004c48                INTDisableInterrupts

.text%z56       0x00000000        0x0
 .text          0x00000000        0x0 c:/program files (x86)/microchip/mplabc32/v2.02/bin/../lib/gcc/pic32mx/4.5.1/../../../../pic32mx/lib\libmchp_peripheral_32MX564F128H.a(nvm_write_word_lib.o)

.text%z57       0x00000000        0x0
 .text          0x00000000        0x0 c:/program files (x86)/microchip/mplabc32/v2.02/bin/../lib/gcc/pic32mx/4.5.1/../../../../pic32mx/lib\libmchp_peripheral_32MX564F128H.a(nvm_operation_lib.o)

.text%z58       0x00000000        0x0
 .text          0x00000000        0x0 c:/program files (x86)/microchip/mplabc32/v2.02/bin/../lib/gcc/pic32mx/4.5.1/../../../../pic32mx/lib\libmchp_peripheral_32MX564F128H.a(nvm_erase_page_lib.o)

.text%z59       0x00000000        0x0
 .text          0x00000000        0x0 c:/program files (x86)/microchip/mplabc32/v2.02/bin/../lib/gcc/pic32mx/4.5.1/../../../../pic32mx/lib\libmchp_peripheral_32MX564F128H.a(int_tbl_lib.o)

.text%z60       0x00000000        0x0
 .text          0x00000000        0x0 c:/program files (x86)/microchip/mplabc32/v2.02/bin/../lib/gcc/pic32mx/4.5.1/../../../../pic32mx/lib\libmchp_peripheral_32MX564F128H.a(int_enable_mv_int_lib.o)

.text%z61       0x00000000        0x0
 .text          0x00000000        0x0 c:/program files (x86)/microchip/mplabc32/v2.02/bin/../lib/gcc/pic32mx/4.5.1/../../../../pic32mx/lib\libmchp_peripheral_32MX564F128H.a(int_restore_interrupts_lib.o)

.text%z62       0x00000000        0x0
 .text          0x00000000        0x0 c:/program files (x86)/microchip/mplabc32/v2.02/bin/../lib/gcc/pic32mx/4.5.1/../../../../pic32mx/lib\libmchp_peripheral_32MX564F128H.a(int_disable_interrupts_lib.o)

.text%z63       0x00000000        0x0
 .text          0x00000000        0x0 c:/program files (x86)/microchip/mplabc32/v2.02/bin/../lib/gcc/pic32mx/4.5.1/../../../../pic32mx/lib\libmchp_peripheral_32MX564F128H.a(int_enable_interrupts_lib.o)

.text%z64       0x00000000        0x0
 .text          0x00000000        0x0 c:/program files (x86)/microchip/mplabc32/v2.02/bin/../lib/gcc/pic32mx/4.5.1/../../../../pic32mx/lib\libmchp_peripheral_32MX564F128H.a(pcache.o)

.text%z65       0x00000000        0x0
 .text          0x00000000        0x0 c:/program files (x86)/microchip/mplabc32/v2.02/bin/../lib/gcc/pic32mx/4.5.1/../../../../pic32mx/lib\libc.a(default-on-bootstrap.o)

.text%z66       0x00000000        0x0
 .text          0x00000000        0x0 c:/program files (x86)/microchip/mplabc32/v2.02/bin/../lib/gcc/pic32mx/4.5.1/../../../../pic32mx/lib\libc.a(default-on-reset.o)

.text%z67       0x00000000        0x0
 .text          0x00000000        0x0 c:/program files (x86)/microchip/mplabc32/v2.02/bin/../lib/gcc/pic32mx/4.5.1/../../../../pic32mx/lib\libc.a(default-bootstrap-exception-handler.o)

.text%z68       0x00000000        0x0
 .text          0x00000000        0x0 c:/program files (x86)/microchip/mplabc32/v2.02/bin/../lib/gcc/pic32mx/4.5.1/../../../../pic32mx/lib\libc.a(default-general-exception-handler.o)

.text%z69       0x00000000        0x0
 .text          0x00000000        0x0 c:/program files (x86)/microchip/mplabc32/v2.02/bin/../lib/gcc/pic32mx/4.5.1/../../../../pic32mx/lib\libc.a(general-exception.o)

.text%z70       0x00000000        0x0
 .text          0x00000000        0x0 c:/program files (x86)/microchip/mplabc32/v2.02/bin/../lib/gcc/pic32mx/4.5.1/../../../../pic32mx/lib/./proc/32MX564F128H\processor.o

.text%z71       0x00000000        0x0
 .text          0x00000000        0x0 Objects\usb_descriptors.o
